[2026-06-06 00:14:23] START part_01 pages=1-200
[2026-06-06 00:14:26] uploaded Molland_Ship_Resistance_Propulsion_BOOK.pdf page_ranges=1-200 batch_id=4bad97b5-2066-40d1-9b5a-284fd8d9d326
[2026-06-06 00:14:27] poll 4bad97b5-2066-40d1-9b5a-284fd8d9d326 state=pending
[2026-06-06 00:14:39] poll 4bad97b5-2066-40d1-9b5a-284fd8d9d326 state=running
[2026-06-06 00:14:50] poll 4bad97b5-2066-40d1-9b5a-284fd8d9d326 state=running
[2026-06-06 00:15:02] poll 4bad97b5-2066-40d1-9b5a-284fd8d9d326 state=running
[2026-06-06 00:15:15] poll 4bad97b5-2066-40d1-9b5a-284fd8d9d326 state=running
[2026-06-06 00:15:27] poll 4bad97b5-2066-40d1-9b5a-284fd8d9d326 state=running
[2026-06-06 00:15:39] poll 4bad97b5-2066-40d1-9b5a-284fd8d9d326 state=running
[2026-06-06 00:15:50] poll 4bad97b5-2066-40d1-9b5a-284fd8d9d326 state=running
[2026-06-06 00:16:01] poll 4bad97b5-2066-40d1-9b5a-284fd8d9d326 state=running
[2026-06-06 00:16:13] poll 4bad97b5-2066-40d1-9b5a-284fd8d9d326 state=running
[2026-06-06 00:16:25] poll 4bad97b5-2066-40d1-9b5a-284fd8d9d326 state=running
[2026-06-06 00:16:37] poll 4bad97b5-2066-40d1-9b5a-284fd8d9d326 state=running
[2026-06-06 00:16:48] poll 4bad97b5-2066-40d1-9b5a-284fd8d9d326 state=running
[2026-06-06 00:17:01] poll 4bad97b5-2066-40d1-9b5a-284fd8d9d326 state=running
[2026-06-06 00:17:12] poll 4bad97b5-2066-40d1-9b5a-284fd8d9d326 state=running
[2026-06-06 00:17:23] poll 4bad97b5-2066-40d1-9b5a-284fd8d9d326 state=running
[2026-06-06 00:17:35] poll 4bad97b5-2066-40d1-9b5a-284fd8d9d326 state=running
[2026-06-06 00:17:47] poll 4bad97b5-2066-40d1-9b5a-284fd8d9d326 state=running
[2026-06-06 00:17:58] poll 4bad97b5-2066-40d1-9b5a-284fd8d9d326 state=running
[2026-06-06 00:18:09] poll 4bad97b5-2066-40d1-9b5a-284fd8d9d326 state=running
[2026-06-06 00:18:21] poll 4bad97b5-2066-40d1-9b5a-284fd8d9d326 state=running
[2026-06-06 00:18:32] poll 4bad97b5-2066-40d1-9b5a-284fd8d9d326 state=running
[2026-06-06 00:18:44] poll 4bad97b5-2066-40d1-9b5a-284fd8d9d326 state=running
[2026-06-06 00:18:55] poll 4bad97b5-2066-40d1-9b5a-284fd8d9d326 state=running
[2026-06-06 00:19:06] poll 4bad97b5-2066-40d1-9b5a-284fd8d9d326 state=done
[2026-06-06 00:19:09] saved chunk part_01 -> D:\Projects\20260601-Potential-flow-ship\early_stage_materials\parsed_markdown\literature\textbooks_surveys\Molland_Ship_Resistance_Propulsion_BOOK\cloud_vlm\chunks\part_01
[2026-06-06 00:19:09] START part_02 pages=201-400
[2026-06-06 00:19:11] uploaded Molland_Ship_Resistance_Propulsion_BOOK.pdf page_ranges=201-400 batch_id=26a4d56a-e28e-42bc-ae32-5b791ca20f4f
[2026-06-06 00:19:13] poll 26a4d56a-e28e-42bc-ae32-5b791ca20f4f state=pending
[2026-06-06 00:19:24] poll 26a4d56a-e28e-42bc-ae32-5b791ca20f4f state=running
[2026-06-06 00:19:35] poll 26a4d56a-e28e-42bc-ae32-5b791ca20f4f state=running
[2026-06-06 00:19:47] poll 26a4d56a-e28e-42bc-ae32-5b791ca20f4f state=running
[2026-06-06 00:20:00] poll 26a4d56a-e28e-42bc-ae32-5b791ca20f4f state=running
[2026-06-06 00:20:11] poll 26a4d56a-e28e-42bc-ae32-5b791ca20f4f state=running
[2026-06-06 00:20:23] poll 26a4d56a-e28e-42bc-ae32-5b791ca20f4f state=running
[2026-06-06 00:20:37] poll 26a4d56a-e28e-42bc-ae32-5b791ca20f4f state=running
[2026-06-06 00:20:48] poll 26a4d56a-e28e-42bc-ae32-5b791ca20f4f state=running
[2026-06-06 00:21:00] poll 26a4d56a-e28e-42bc-ae32-5b791ca20f4f state=running
[2026-06-06 00:21:11] poll 26a4d56a-e28e-42bc-ae32-5b791ca20f4f state=running
[2026-06-06 00:21:22] poll 26a4d56a-e28e-42bc-ae32-5b791ca20f4f state=running
[2026-06-06 00:21:34] poll 26a4d56a-e28e-42bc-ae32-5b791ca20f4f state=running
[2026-06-06 00:21:45] poll 26a4d56a-e28e-42bc-ae32-5b791ca20f4f state=running
[2026-06-06 00:21:56] poll 26a4d56a-e28e-42bc-ae32-5b791ca20f4f state=running
[2026-06-06 00:22:08] poll 26a4d56a-e28e-42bc-ae32-5b791ca20f4f state=running
[2026-06-06 00:22:19] poll 26a4d56a-e28e-42bc-ae32-5b791ca20f4f state=running
[2026-06-06 00:22:30] poll 26a4d56a-e28e-42bc-ae32-5b791ca20f4f state=running
[2026-06-06 00:22:42] poll 26a4d56a-e28e-42bc-ae32-5b791ca20f4f state=running
[2026-06-06 00:22:53] poll 26a4d56a-e28e-42bc-ae32-5b791ca20f4f state=running
[2026-06-06 00:23:05] poll 26a4d56a-e28e-42bc-ae32-5b791ca20f4f state=running
[2026-06-06 00:23:16] poll 26a4d56a-e28e-42bc-ae32-5b791ca20f4f state=running
[2026-06-06 00:23:27] poll 26a4d56a-e28e-42bc-ae32-5b791ca20f4f state=running
[2026-06-06 00:23:39] poll 26a4d56a-e28e-42bc-ae32-5b791ca20f4f state=done
[2026-06-06 00:23:42] saved chunk part_02 -> D:\Projects\20260601-Potential-flow-ship\early_stage_materials\parsed_markdown\literature\textbooks_surveys\Molland_Ship_Resistance_Propulsion_BOOK\cloud_vlm\chunks\part_02
[2026-06-06 00:23:42] START part_03 pages=401-563
[2026-06-06 00:23:45] uploaded Molland_Ship_Resistance_Propulsion_BOOK.pdf page_ranges=401-563 batch_id=7bc5a509-c424-4813-a99d-671625773902
[2026-06-06 00:23:46] poll 7bc5a509-c424-4813-a99d-671625773902 state=waiting-file
[2026-06-06 00:23:57] poll 7bc5a509-c424-4813-a99d-671625773902 state=running
[2026-06-06 00:24:09] poll 7bc5a509-c424-4813-a99d-671625773902 state=running
[2026-06-06 00:24:20] poll 7bc5a509-c424-4813-a99d-671625773902 state=running
[2026-06-06 00:24:31] poll 7bc5a509-c424-4813-a99d-671625773902 state=running
[2026-06-06 00:24:42] poll 7bc5a509-c424-4813-a99d-671625773902 state=running
[2026-06-06 00:24:54] poll 7bc5a509-c424-4813-a99d-671625773902 state=running
[2026-06-06 00:25:05] poll 7bc5a509-c424-4813-a99d-671625773902 state=running
[2026-06-06 00:25:16] poll 7bc5a509-c424-4813-a99d-671625773902 state=running
[2026-06-06 00:25:28] poll 7bc5a509-c424-4813-a99d-671625773902 state=running
[2026-06-06 00:25:39] poll 7bc5a509-c424-4813-a99d-671625773902 state=running
[2026-06-06 00:25:50] poll 7bc5a509-c424-4813-a99d-671625773902 state=running
[2026-06-06 00:26:02] poll 7bc5a509-c424-4813-a99d-671625773902 state=running
[2026-06-06 00:26:14] poll 7bc5a509-c424-4813-a99d-671625773902 state=running
[2026-06-06 00:26:26] retry 1/3 poll 7bc5a509-c424-4813-a99d-671625773902: HTTPSConnectionPool(host='mineru.net', port=443): Max retries exceeded with url: /api/v4/extract-results/batch/7bc5a509-c424-4813-a99d-671625773902 (Caused by SSLError(SSLEOFError(8, '[SSL: UNEXPECTED_EOF_WHILE_READING] EOF occurred in violation of protocol (_ssl.c:1010)'))); sleep 5s
[2026-06-06 00:26:33] poll 7bc5a509-c424-4813-a99d-671625773902 state=running
[2026-06-06 00:26:44] poll 7bc5a509-c424-4813-a99d-671625773902 state=running
[2026-06-06 00:26:55] poll 7bc5a509-c424-4813-a99d-671625773902 state=running
[2026-06-06 00:27:07] poll 7bc5a509-c424-4813-a99d-671625773902 state=running
[2026-06-06 00:27:19] poll 7bc5a509-c424-4813-a99d-671625773902 state=running
[2026-06-06 00:27:30] poll 7bc5a509-c424-4813-a99d-671625773902 state=running
[2026-06-06 00:27:42] poll 7bc5a509-c424-4813-a99d-671625773902 state=done
[2026-06-06 00:27:46] saved chunk part_03 -> D:\Projects\20260601-Potential-flow-ship\early_stage_materials\parsed_markdown\literature\textbooks_surveys\Molland_Ship_Resistance_Propulsion_BOOK\cloud_vlm\chunks\part_03
[2026-06-06 00:27:46] merged -> D:\Projects\20260601-Potential-flow-ship\early_stage_materials\parsed_markdown\literature\textbooks_surveys\Molland_Ship_Resistance_Propulsion_BOOK\cloud_vlm\Molland_Ship_Resistance_Propulsion_BOOK_cloud_vlm.md (1507245 bytes)
[2026-06-06 00:27:46] updated CLOUD_MINERU_PENDING_TABLE.md
[2026-06-06 00:27:46] MERGE OK lines=22035 path=D:\Projects\20260601-Potential-flow-ship\early_stage_materials\parsed_markdown\literature\textbooks_surveys\Molland_Ship_Resistance_Propulsion_BOOK\cloud_vlm\Molland_Ship_Resistance_Propulsion_BOOK_cloud_vlm.md
[2026-06-06 00:27:46] ALL DONE
[2026-06-06 00:27:46]   part_01 (1-200): ok
[2026-06-06 00:27:46]   part_02 (201-400): ok
[2026-06-06 00:27:46]   part_03 (401-563): ok
[2026-06-06 00:27:46]   merged: D:\Projects\20260601-Potential-flow-ship\early_stage_materials\parsed_markdown\literature\textbooks_surveys\Molland_Ship_Resistance_Propulsion_BOOK\cloud_vlm\Molland_Ship_Resistance_Propulsion_BOOK_cloud_vlm.md (1507245 bytes)
