[2026-06-05 23:48:28] already_done=8 pending=10 skipped=5
[2026-06-05 23:48:29] START cloud literature/high_speed_displacement/Strip_theory_HSC_review_2018.pdf (9.2MB pages=27)
[2026-06-05 23:48:33] uploaded Strip_theory_HSC_review_2018.pdf batch_id=ec44d2b9-e2e1-4fa5-80b2-4454aae77780
[2026-06-05 23:48:35] poll ec44d2b9-e2e1-4fa5-80b2-4454aae77780 state=pending
[2026-06-05 23:48:48] poll ec44d2b9-e2e1-4fa5-80b2-4454aae77780 state=running
[2026-06-05 23:49:00] poll ec44d2b9-e2e1-4fa5-80b2-4454aae77780 state=running
[2026-06-05 23:49:11] poll ec44d2b9-e2e1-4fa5-80b2-4454aae77780 state=running
[2026-06-05 23:49:24] poll ec44d2b9-e2e1-4fa5-80b2-4454aae77780 state=done
[2026-06-05 23:49:26] saved D:\Projects\20260601-Potential-flow-ship\early_stage_materials\parsed_markdown\literature\high_speed_displacement\Strip_theory_HSC_review_2018\cloud_vlm\Strip_theory_HSC_review_2018_cloud_vlm.md
[2026-06-05 23:49:26] START cloud literature/planing_craft/Planing_hull_review_2024.pdf (12.2MB pages=50)
[2026-06-05 23:49:29] uploaded Planing_hull_review_2024.pdf batch_id=8579392d-1917-49b8-a62c-c77eecf798cc
[2026-06-05 23:49:30] poll 8579392d-1917-49b8-a62c-c77eecf798cc state=pending
[2026-06-05 23:49:41] poll 8579392d-1917-49b8-a62c-c77eecf798cc state=running
[2026-06-05 23:49:53] poll 8579392d-1917-49b8-a62c-c77eecf798cc state=running
[2026-06-05 23:50:07] poll 8579392d-1917-49b8-a62c-c77eecf798cc state=running
[2026-06-05 23:50:19] poll 8579392d-1917-49b8-a62c-c77eecf798cc state=running
[2026-06-05 23:50:30] poll 8579392d-1917-49b8-a62c-c77eecf798cc state=running
[2026-06-05 23:50:42] poll 8579392d-1917-49b8-a62c-c77eecf798cc state=running
[2026-06-05 23:50:54] poll 8579392d-1917-49b8-a62c-c77eecf798cc state=done
[2026-06-05 23:50:57] saved D:\Projects\20260601-Potential-flow-ship\early_stage_materials\parsed_markdown\literature\planing_craft\Planing_hull_review_2024\cloud_vlm\Planing_hull_review_2024_cloud_vlm.md
[2026-06-05 23:50:57] START cloud literature/supplementary_from_user_zip/Design_Analysis_of_a_Lightweight_Solar_P.pdf (1.0MB pages=16)
[2026-06-05 23:51:00] uploaded Design_Analysis_of_a_Lightweight_Solar_P.pdf batch_id=6b30c707-df58-4808-bf03-6f2821fd03e5
[2026-06-05 23:51:02] poll 6b30c707-df58-4808-bf03-6f2821fd03e5 state=pending
[2026-06-05 23:51:13] poll 6b30c707-df58-4808-bf03-6f2821fd03e5 state=running
[2026-06-05 23:51:25] poll 6b30c707-df58-4808-bf03-6f2821fd03e5 state=done
[2026-06-05 23:51:25] saved D:\Projects\20260601-Potential-flow-ship\early_stage_materials\parsed_markdown\literature\supplementary_from_user_zip\Design_Analysis_of_a_Lightweight_Solar_P\cloud_vlm\Design_Analysis_of_a_Lightweight_Solar_P_cloud_vlm.md
[2026-06-05 23:51:25] START cloud literature/supplementary_from_user_zip/Hydrodynamic_Analysis_of_Different_Formation_Confi.pdf (14.8MB pages=20)
[2026-06-05 23:51:27] FAIL literature/supplementary_from_user_zip/Hydrodynamic_Analysis_of_Different_Formation_Confi.pdf: HTTPSConnectionPool(host='mineru.net', port=443): Max retries exceeded with url: /api/v4/file-urls/batch (Caused by SSLError(SSLEOFError(8, '[SSL: UNEXPECTED_EOF_WHILE_READING] EOF occurred in violation of protocol (_ssl.c:1010)')))
[2026-06-05 23:51:27] START cloud literature/textbooks_surveys/Faltinsen_HSMV_preview.pdf (0.7MB pages=48)
[2026-06-05 23:51:29] uploaded Faltinsen_HSMV_preview.pdf batch_id=0a3b121d-290b-4b0b-bfc3-3c1c30a12a86
[2026-06-05 23:51:31] poll 0a3b121d-290b-4b0b-bfc3-3c1c30a12a86 state=pending
[2026-06-05 23:51:42] poll 0a3b121d-290b-4b0b-bfc3-3c1c30a12a86 state=running
[2026-06-05 23:51:54] poll 0a3b121d-290b-4b0b-bfc3-3c1c30a12a86 state=running
[2026-06-05 23:52:06] poll 0a3b121d-290b-4b0b-bfc3-3c1c30a12a86 state=running
[2026-06-05 23:52:18] poll 0a3b121d-290b-4b0b-bfc3-3c1c30a12a86 state=done
[2026-06-05 23:52:19] saved D:\Projects\20260601-Potential-flow-ship\early_stage_materials\parsed_markdown\literature\textbooks_surveys\Faltinsen_HSMV_preview\cloud_vlm\Faltinsen_HSMV_preview_cloud_vlm.md
[2026-06-05 23:52:19] START cloud literature/textbooks_surveys/HSMV_preview.pdf (0.7MB pages=48)
[2026-06-05 23:52:20] uploaded HSMV_preview.pdf batch_id=3cdc030c-2eb1-4dfa-95be-95942b8803c3
[2026-06-05 23:52:24] poll 3cdc030c-2eb1-4dfa-95be-95942b8803c3 state=done
[2026-06-05 23:52:24] saved D:\Projects\20260601-Potential-flow-ship\early_stage_materials\parsed_markdown\literature\textbooks_surveys\HSMV_preview\cloud_vlm\HSMV_preview_cloud_vlm.md
[2026-06-05 23:52:24] START cloud literature/textbooks_surveys/Kring_1994_MIT.pdf (8.5MB pages=134)
[2026-06-05 23:52:27] uploaded Kring_1994_MIT.pdf batch_id=d4ae6663-d5ec-456b-8d41-8f6780527d74
[2026-06-05 23:52:28] poll d4ae6663-d5ec-456b-8d41-8f6780527d74 state=pending
[2026-06-05 23:52:40] poll d4ae6663-d5ec-456b-8d41-8f6780527d74 state=running
[2026-06-05 23:52:51] poll d4ae6663-d5ec-456b-8d41-8f6780527d74 state=running
[2026-06-05 23:53:02] poll d4ae6663-d5ec-456b-8d41-8f6780527d74 state=running
[2026-06-05 23:53:14] poll d4ae6663-d5ec-456b-8d41-8f6780527d74 state=running
[2026-06-05 23:53:25] poll d4ae6663-d5ec-456b-8d41-8f6780527d74 state=running
[2026-06-05 23:53:36] poll d4ae6663-d5ec-456b-8d41-8f6780527d74 state=running
[2026-06-05 23:53:49] poll d4ae6663-d5ec-456b-8d41-8f6780527d74 state=running
[2026-06-05 23:54:00] poll d4ae6663-d5ec-456b-8d41-8f6780527d74 state=running
[2026-06-05 23:54:13] poll d4ae6663-d5ec-456b-8d41-8f6780527d74 state=running
[2026-06-05 23:54:24] poll d4ae6663-d5ec-456b-8d41-8f6780527d74 state=done
[2026-06-05 23:54:27] saved D:\Projects\20260601-Potential-flow-ship\early_stage_materials\parsed_markdown\literature\textbooks_surveys\Kring_1994_MIT\cloud_vlm\Kring_1994_MIT_cloud_vlm.md
[2026-06-05 23:54:27] START cloud literature/textbooks_surveys/STF_1970.pdf (5.2MB pages=30)
[2026-06-05 23:54:30] uploaded STF_1970.pdf batch_id=23090801-8b2a-46d4-872f-e7be9a403bdd
[2026-06-05 23:54:31] poll 23090801-8b2a-46d4-872f-e7be9a403bdd state=waiting-file
[2026-06-05 23:54:42] poll 23090801-8b2a-46d4-872f-e7be9a403bdd state=running
[2026-06-05 23:54:55] poll 23090801-8b2a-46d4-872f-e7be9a403bdd state=running
[2026-06-05 23:55:06] poll 23090801-8b2a-46d4-872f-e7be9a403bdd state=running
[2026-06-05 23:55:18] poll 23090801-8b2a-46d4-872f-e7be9a403bdd state=done
[2026-06-05 23:55:20] saved D:\Projects\20260601-Potential-flow-ship\early_stage_materials\parsed_markdown\literature\textbooks_surveys\STF_1970\cloud_vlm\STF_1970_cloud_vlm.md
[2026-06-05 23:55:20] START cloud data/delft_372/Delft372_manoeuvring_CFD_paper.pdf (5.0MB pages=12)
[2026-06-05 23:55:22] uploaded Delft372_manoeuvring_CFD_paper.pdf batch_id=433e52cd-527e-4965-b48c-b1aeec1c7d65
[2026-06-05 23:55:23] poll 433e52cd-527e-4965-b48c-b1aeec1c7d65 state=pending
[2026-06-05 23:55:34] poll 433e52cd-527e-4965-b48c-b1aeec1c7d65 state=running
[2026-06-05 23:55:47] poll 433e52cd-527e-4965-b48c-b1aeec1c7d65 state=running
[2026-06-05 23:55:58] poll 433e52cd-527e-4965-b48c-b1aeec1c7d65 state=done
[2026-06-05 23:55:59] saved D:\Projects\20260601-Potential-flow-ship\early_stage_materials\parsed_markdown\data\delft_372\Delft372_manoeuvring_CFD_paper\cloud_vlm\Delft372_manoeuvring_CFD_paper_cloud_vlm.md
[2026-06-05 23:55:59] ALL DONE
[2026-06-05 23:56:38] already_done=16 pending=7 skipped=0
[2026-06-05 23:56:39] START cloud literature/high_speed_displacement/Ma_2005_2.5D.pdf (0.3MB pages=24)
[2026-06-05 23:56:40] uploaded Ma_2005_2.5D.pdf batch_id=6caf6b50-1752-43a1-b8cf-90a7a9aa7cf9
[2026-06-05 23:56:42] poll 6caf6b50-1752-43a1-b8cf-90a7a9aa7cf9 state=pending
[2026-06-05 23:56:55] poll 6caf6b50-1752-43a1-b8cf-90a7a9aa7cf9 state=running
[2026-06-05 23:57:07] poll 6caf6b50-1752-43a1-b8cf-90a7a9aa7cf9 state=running
[2026-06-05 23:57:19] FAIL literature/high_speed_displacement/Ma_2005_2.5D.pdf: HTTPSConnectionPool(host='mineru.net', port=443): Max retries exceeded with url: /api/v4/extract-results/batch/6caf6b50-1752-43a1-b8cf-90a7a9aa7cf9 (Caused by SSLError(SSLEOFError(8, '[SSL: UNEXPECTED_EOF_WHILE_READING] EOF occurred in violation of protocol (_ssl.c:1010)')))
[2026-06-05 23:57:19] START cloud literature/planing_craft/Compton_1986_MTSN.pdf (6.2MB pages=26)
[2026-06-05 23:57:21] uploaded Compton_1986_MTSN.pdf batch_id=d9288cc3-a7c9-497c-a77c-68b833644889
[2026-06-05 23:57:23] poll d9288cc3-a7c9-497c-a77c-68b833644889 state=pending
[2026-06-05 23:57:34] poll d9288cc3-a7c9-497c-a77c-68b833644889 state=running
[2026-06-05 23:57:45] poll d9288cc3-a7c9-497c-a77c-68b833644889 state=running
[2026-06-05 23:57:57] poll d9288cc3-a7c9-497c-a77c-68b833644889 state=running
[2026-06-05 23:58:08] poll d9288cc3-a7c9-497c-a77c-68b833644889 state=running
[2026-06-05 23:58:20] poll d9288cc3-a7c9-497c-a77c-68b833644889 state=running
[2026-06-05 23:58:31] poll d9288cc3-a7c9-497c-a77c-68b833644889 state=running
[2026-06-05 23:58:43] poll d9288cc3-a7c9-497c-a77c-68b833644889 state=running
[2026-06-05 23:58:55] poll d9288cc3-a7c9-497c-a77c-68b833644889 state=running
[2026-06-05 23:59:07] poll d9288cc3-a7c9-497c-a77c-68b833644889 state=running
[2026-06-05 23:59:19] poll d9288cc3-a7c9-497c-a77c-68b833644889 state=running
[2026-06-05 23:59:30] poll d9288cc3-a7c9-497c-a77c-68b833644889 state=done
[2026-06-05 23:59:35] saved D:\Projects\20260601-Potential-flow-ship\early_stage_materials\parsed_markdown\literature\planing_craft\Compton_1986_MTSN\cloud_vlm\Compton_1986_MTSN_cloud_vlm.md
[2026-06-05 23:59:35] START cloud literature/semi_displacement/Arribas_2006.pdf (0.3MB pages=16)
[2026-06-05 23:59:37] uploaded Arribas_2006.pdf batch_id=e76bf3a0-3c43-47bd-96fc-3ab6cd5f3196
[2026-06-05 23:59:39] poll e76bf3a0-3c43-47bd-96fc-3ab6cd5f3196 state=pending
[2026-06-05 23:59:50] poll e76bf3a0-3c43-47bd-96fc-3ab6cd5f3196 state=running
[2026-06-06 00:00:01] poll e76bf3a0-3c43-47bd-96fc-3ab6cd5f3196 state=running
[2026-06-06 00:00:14] poll e76bf3a0-3c43-47bd-96fc-3ab6cd5f3196 state=running
[2026-06-06 00:00:25] poll e76bf3a0-3c43-47bd-96fc-3ab6cd5f3196 state=running
[2026-06-06 00:00:37] poll e76bf3a0-3c43-47bd-96fc-3ab6cd5f3196 state=done
[2026-06-06 00:00:37] saved D:\Projects\20260601-Potential-flow-ship\early_stage_materials\parsed_markdown\literature\semi_displacement\Arribas_2006\cloud_vlm\Arribas_2006_cloud_vlm.md
[2026-06-06 00:00:37] START cloud literature/supplementary_from_user_zip/Hydrodynamic_Analysis_of_Different_Formation_Confi.pdf (14.8MB pages=20)
[2026-06-06 00:00:40] uploaded Hydrodynamic_Analysis_of_Different_Formation_Confi.pdf batch_id=b77c8ca6-4dd5-4dc8-84d3-6c989e94caa1
[2026-06-06 00:00:42] poll b77c8ca6-4dd5-4dc8-84d3-6c989e94caa1 state=running
[2026-06-06 00:00:54] poll b77c8ca6-4dd5-4dc8-84d3-6c989e94caa1 state=running
[2026-06-06 00:01:06] FAIL literature/supplementary_from_user_zip/Hydrodynamic_Analysis_of_Different_Formation_Confi.pdf: HTTPSConnectionPool(host='mineru.net', port=443): Max retries exceeded with url: /api/v4/extract-results/batch/b77c8ca6-4dd5-4dc8-84d3-6c989e94caa1 (Caused by SSLError(SSLEOFError(8, '[SSL: UNEXPECTED_EOF_WHILE_READING] EOF occurred in violation of protocol (_ssl.c:1010)')))
[2026-06-06 00:01:06] START cloud literature/textbooks_surveys/Donatini_2022_Capytaine_forward_speed.pdf (1.7MB pages=14)
[2026-06-06 00:01:09] uploaded Donatini_2022_Capytaine_forward_speed.pdf batch_id=e680ff4e-68b9-47d2-be76-ebcf033c4436
[2026-06-06 00:01:10] poll e680ff4e-68b9-47d2-be76-ebcf033c4436 state=pending
[2026-06-06 00:01:22] poll e680ff4e-68b9-47d2-be76-ebcf033c4436 state=running
[2026-06-06 00:01:33] poll e680ff4e-68b9-47d2-be76-ebcf033c4436 state=running
[2026-06-06 00:01:45] poll e680ff4e-68b9-47d2-be76-ebcf033c4436 state=running
[2026-06-06 00:01:56] poll e680ff4e-68b9-47d2-be76-ebcf033c4436 state=running
[2026-06-06 00:02:07] poll e680ff4e-68b9-47d2-be76-ebcf033c4436 state=running
[2026-06-06 00:02:19] poll e680ff4e-68b9-47d2-be76-ebcf033c4436 state=done
[2026-06-06 00:02:19] saved D:\Projects\20260601-Potential-flow-ship\early_stage_materials\parsed_markdown\literature\textbooks_surveys\Donatini_2022_Capytaine_forward_speed\cloud_vlm\Donatini_2022_Capytaine_forward_speed_cloud_vlm.md
[2026-06-06 00:02:19] START cloud literature/wind_waves_maneuvering/Fossen_2012_wind_waves.pdf (0.4MB pages=6)
[2026-06-06 00:02:24] uploaded Fossen_2012_wind_waves.pdf batch_id=fbd006b0-9df9-4845-973f-913ae43786ce
[2026-06-06 00:02:25] poll fbd006b0-9df9-4845-973f-913ae43786ce state=pending
[2026-06-06 00:02:36] poll fbd006b0-9df9-4845-973f-913ae43786ce state=running
[2026-06-06 00:02:48] poll fbd006b0-9df9-4845-973f-913ae43786ce state=done
[2026-06-06 00:02:48] saved D:\Projects\20260601-Potential-flow-ship\early_stage_materials\parsed_markdown\literature\wind_waves_maneuvering\Fossen_2012_wind_waves\cloud_vlm\Fossen_2012_wind_waves_cloud_vlm.md
[2026-06-06 00:02:48] ALL DONE
[2026-06-06 00:03:31] already_done=20 pending=3 skipped=0
[2026-06-06 00:03:31] START cloud literature/high_speed_displacement/Ma_2005_2.5D.pdf (0.3MB pages=24)
[2026-06-06 00:03:34] uploaded Ma_2005_2.5D.pdf batch_id=1613210b-3225-4863-ba4c-72edfa6ef7da
[2026-06-06 00:03:36] poll 1613210b-3225-4863-ba4c-72edfa6ef7da state=pending
[2026-06-06 00:03:47] poll 1613210b-3225-4863-ba4c-72edfa6ef7da state=done
[2026-06-06 00:03:48] saved D:\Projects\20260601-Potential-flow-ship\early_stage_materials\parsed_markdown\literature\high_speed_displacement\Ma_2005_2.5D\cloud_vlm\Ma_2005_2.5D_cloud_vlm.md
[2026-06-06 00:03:48] START cloud literature/supplementary_from_user_zip/Hydrodynamic_Analysis_of_Different_Formation_Confi.pdf (14.8MB pages=20)
[2026-06-06 00:03:55] uploaded Hydrodynamic_Analysis_of_Different_Formation_Confi.pdf batch_id=5249b87e-2269-4db0-a1bc-35c196a38ae4
[2026-06-06 00:03:57] poll 5249b87e-2269-4db0-a1bc-35c196a38ae4 state=done
[2026-06-06 00:04:00] saved D:\Projects\20260601-Potential-flow-ship\early_stage_materials\parsed_markdown\literature\supplementary_from_user_zip\Hydrodynamic_Analysis_of_Different_Formation_Confi\cloud_vlm\Hydrodynamic_Analysis_of_Different_Formation_Confi_cloud_vlm.md
[2026-06-06 00:04:00] ALL DONE
[2026-06-06 01:31:08] already_done=74 pending=11 skipped=0
[2026-06-06 01:31:08] START cloud code/maneuvering_gnc/MSS/documentation/FDI Identification of seakeeping models from frequency response data/FDI Tutorial.pdf (2.1MB pages=51)
[2026-06-06 01:31:10] uploaded FDI Tutorial.pdf batch_id=750f8e31-1aea-4034-8d2a-4fda45ca7613
[2026-06-06 01:31:11] poll 750f8e31-1aea-4034-8d2a-4fda45ca7613 state=pending
[2026-06-06 01:31:23] poll 750f8e31-1aea-4034-8d2a-4fda45ca7613 state=running
[2026-06-06 01:31:34] poll 750f8e31-1aea-4034-8d2a-4fda45ca7613 state=running
[2026-06-06 01:31:45] poll 750f8e31-1aea-4034-8d2a-4fda45ca7613 state=running
[2026-06-06 01:31:57] poll 750f8e31-1aea-4034-8d2a-4fda45ca7613 state=done
[2026-06-06 01:31:58] FAIL code/maneuvering_gnc/MSS/documentation/FDI Identification of seakeeping models from frequency response data/FDI Tutorial.pdf: [Errno 2] No such file or directory: 'D:\\Projects\\20260601-Potential-flow-ship\\early_stage_materials\\parsed_markdown\\code\\maneuvering_gnc\\MSS\\documentation\\FDI Identification of seakeeping models from frequency response data\\FDI Tutorial\\cloud_vlm\\f4585844-ab3a-490e-aad2-8ec8c53636c0_content_list.json'
[2026-06-06 01:31:58] START cloud code/maneuvering_gnc/MSS/documentation/FDI Identification of seakeeping models from frequency response data/PerezFossen MIC-29(1) 2008.pdf (0.6MB pages=19)
[2026-06-06 01:32:00] uploaded PerezFossen MIC-29(1) 2008.pdf batch_id=d4ae6061-8388-43e4-b02d-a98b98c856bd
[2026-06-06 01:32:01] poll d4ae6061-8388-43e4-b02d-a98b98c856bd state=pending
[2026-06-06 01:32:13] poll d4ae6061-8388-43e4-b02d-a98b98c856bd state=running
[2026-06-06 01:32:25] poll d4ae6061-8388-43e4-b02d-a98b98c856bd state=running
[2026-06-06 01:32:36] poll d4ae6061-8388-43e4-b02d-a98b98c856bd state=done
[2026-06-06 01:32:37] FAIL code/maneuvering_gnc/MSS/documentation/FDI Identification of seakeeping models from frequency response data/PerezFossen MIC-29(1) 2008.pdf: [Errno 2] No such file or directory: 'D:\\Projects\\20260601-Potential-flow-ship\\early_stage_materials\\parsed_markdown\\code\\maneuvering_gnc\\MSS\\documentation\\FDI Identification of seakeeping models from frequency response data\\PerezFossen MIC-29(1) 2008\\cloud_vlm\\ef66c4f3-766b-431d-b7d9-a8dd96802496_content_list.json'
[2026-06-06 01:32:37] START cloud code/maneuvering_gnc/MSS/documentation/Ship roll motion control/2010 Plenary by Perez and Balnke.pdf (13.1MB pages=60)
[2026-06-06 01:32:40] uploaded 2010 Plenary by Perez and Balnke.pdf batch_id=c8947085-3e9c-46df-9e85-f55857e5f9d3
[2026-06-06 01:32:41] poll c8947085-3e9c-46df-9e85-f55857e5f9d3 state=pending
[2026-06-06 01:32:52] poll c8947085-3e9c-46df-9e85-f55857e5f9d3 state=running
[2026-06-06 01:33:04] poll c8947085-3e9c-46df-9e85-f55857e5f9d3 state=running
[2026-06-06 01:33:15] poll c8947085-3e9c-46df-9e85-f55857e5f9d3 state=running
[2026-06-06 01:33:26] poll c8947085-3e9c-46df-9e85-f55857e5f9d3 state=done
[2026-06-06 01:33:29] FAIL code/maneuvering_gnc/MSS/documentation/Ship roll motion control/2010 Plenary by Perez and Balnke.pdf: [Errno 2] No such file or directory: 'D:\\Projects\\20260601-Potential-flow-ship\\early_stage_materials\\parsed_markdown\\code\\maneuvering_gnc\\MSS\\documentation\\Ship roll motion control\\2010 Plenary by Perez and Balnke\\cloud_vlm\\images\\2d983903765db656b04979845a40b5924fa7a937aa3fddd0e710032d599f5f82.jpg'
[2026-06-06 01:33:29] START cloud code/maneuvering_gnc/MSS/documentation/Tutoiral on modelling and simulation of marine craft/Powerpoint/M2_Hydrodynamics.ppt (1.1MB pages=None)
[2026-06-06 01:33:31] uploaded M2_Hydrodynamics.ppt batch_id=aa560739-45fd-40ba-a314-bb3776231438
[2026-06-06 01:33:33] poll aa560739-45fd-40ba-a314-bb3776231438 state=pending
[2026-06-06 01:33:44] poll aa560739-45fd-40ba-a314-bb3776231438 state=done
[2026-06-06 01:33:45] FAIL code/maneuvering_gnc/MSS/documentation/Tutoiral on modelling and simulation of marine craft/Powerpoint/M2_Hydrodynamics.ppt: [Errno 2] No such file or directory: 'D:\\Projects\\20260601-Potential-flow-ship\\early_stage_materials\\parsed_markdown\\code\\maneuvering_gnc\\MSS\\documentation\\Tutoiral on modelling and simulation of marine craft\\Powerpoint\\M2_Hydrodynamics\\cloud_vlm\\660dc884-a66f-4de2-a57f-25a69e1773ed_content_list.json'
[2026-06-06 01:33:45] START cloud code/maneuvering_gnc/MSS/documentation/Tutoiral on modelling and simulation of marine craft/Powerpoint/M3_RB_dynamics.ppt (2.5MB pages=None)
[2026-06-06 01:33:49] uploaded M3_RB_dynamics.ppt batch_id=40f0e36c-1a7f-4b85-a263-c9fd3baa6d46
[2026-06-06 01:33:50] poll 40f0e36c-1a7f-4b85-a263-c9fd3baa6d46 state=pending
[2026-06-06 01:34:02] poll 40f0e36c-1a7f-4b85-a263-c9fd3baa6d46 state=done
[2026-06-06 01:34:02] FAIL code/maneuvering_gnc/MSS/documentation/Tutoiral on modelling and simulation of marine craft/Powerpoint/M3_RB_dynamics.ppt: [Errno 2] No such file or directory: 'D:\\Projects\\20260601-Potential-flow-ship\\early_stage_materials\\parsed_markdown\\code\\maneuvering_gnc\\MSS\\documentation\\Tutoiral on modelling and simulation of marine craft\\Powerpoint\\M3_RB_dynamics\\cloud_vlm\\dad7ab43-342b-4840-a7da-00e2041a33f1_content_list.json'
[2026-06-06 01:34:02] START cloud code/maneuvering_gnc/MSS/documentation/Tutoiral on modelling and simulation of marine craft/Powerpoint/M5_disturbances.ppt (4.1MB pages=None)
[2026-06-06 01:34:04] uploaded M5_disturbances.ppt batch_id=3e35738a-f673-4544-8052-dfb06e525a1a
[2026-06-06 01:34:06] poll 3e35738a-f673-4544-8052-dfb06e525a1a state=pending
[2026-06-06 01:34:17] poll 3e35738a-f673-4544-8052-dfb06e525a1a state=done
[2026-06-06 01:34:18] FAIL code/maneuvering_gnc/MSS/documentation/Tutoiral on modelling and simulation of marine craft/Powerpoint/M5_disturbances.ppt: [Errno 2] No such file or directory: 'D:\\Projects\\20260601-Potential-flow-ship\\early_stage_materials\\parsed_markdown\\code\\maneuvering_gnc\\MSS\\documentation\\Tutoiral on modelling and simulation of marine craft\\Powerpoint\\M5_disturbances\\cloud_vlm\\f4d1bb1d-7ddb-4220-97e0-b00aebd08239_content_list.json'
[2026-06-06 01:34:18] START cloud code/maneuvering_gnc/MSS/documentation/Tutoiral on modelling and simulation of marine craft/Powerpoint/M6_FD_Seakeeping models.ppt (1.1MB pages=None)
[2026-06-06 01:34:23] uploaded M6_FD_Seakeeping models.ppt batch_id=ef377ead-b8c8-4955-a9ea-d6a1a9a6cf58
[2026-06-06 01:34:25] poll ef377ead-b8c8-4955-a9ea-d6a1a9a6cf58 state=running
[2026-06-06 01:34:36] poll ef377ead-b8c8-4955-a9ea-d6a1a9a6cf58 state=done
[2026-06-06 01:34:37] FAIL code/maneuvering_gnc/MSS/documentation/Tutoiral on modelling and simulation of marine craft/Powerpoint/M6_FD_Seakeeping models.ppt: [Errno 2] No such file or directory: 'D:\\Projects\\20260601-Potential-flow-ship\\early_stage_materials\\parsed_markdown\\code\\maneuvering_gnc\\MSS\\documentation\\Tutoiral on modelling and simulation of marine craft\\Powerpoint\\M6_FD_Seakeeping models\\cloud_vlm\\53baeeb2-b7bb-4286-912b-f7affc9526f1_content_list.json'
[2026-06-06 01:34:37] START cloud code/maneuvering_gnc/MSS/documentation/Tutoiral on modelling and simulation of marine craft/Powerpoint/M7_time_domain_models_short.ppt (1.8MB pages=None)
[2026-06-06 01:34:39] uploaded M7_time_domain_models_short.ppt batch_id=caf038f8-e094-463d-b471-6da8726b0fe8
[2026-06-06 01:34:40] poll caf038f8-e094-463d-b471-6da8726b0fe8 state=pending
[2026-06-06 01:34:51] poll caf038f8-e094-463d-b471-6da8726b0fe8 state=done
[2026-06-06 01:34:52] FAIL code/maneuvering_gnc/MSS/documentation/Tutoiral on modelling and simulation of marine craft/Powerpoint/M7_time_domain_models_short.ppt: [Errno 2] No such file or directory: 'D:\\Projects\\20260601-Potential-flow-ship\\early_stage_materials\\parsed_markdown\\code\\maneuvering_gnc\\MSS\\documentation\\Tutoiral on modelling and simulation of marine craft\\Powerpoint\\M7_time_domain_models_short\\cloud_vlm\\97e3b4f0-4d00-4b51-a5c9-f080bd473cd2_content_list_v2.json'
[2026-06-06 01:34:52] START cloud code/maneuvering_gnc/MSS/documentation/Tutoiral on modelling and simulation of marine craft/Powerpoint/M8_man_in_seaway.ppt (1.0MB pages=None)
[2026-06-06 01:34:54] uploaded M8_man_in_seaway.ppt batch_id=de2146c4-7a2e-4e7e-ae60-15c4780812e3
[2026-06-06 01:34:55] poll de2146c4-7a2e-4e7e-ae60-15c4780812e3 state=pending
[2026-06-06 01:35:06] poll de2146c4-7a2e-4e7e-ae60-15c4780812e3 state=done
[2026-06-06 01:35:07] FAIL code/maneuvering_gnc/MSS/documentation/Tutoiral on modelling and simulation of marine craft/Powerpoint/M8_man_in_seaway.ppt: [Errno 2] No such file or directory: 'D:\\Projects\\20260601-Potential-flow-ship\\early_stage_materials\\parsed_markdown\\code\\maneuvering_gnc\\MSS\\documentation\\Tutoiral on modelling and simulation of marine craft\\Powerpoint\\M8_man_in_seaway\\cloud_vlm\\f0f596ed-612b-4a13-9b61-c8502e54a92c_content_list_v2.json'
[2026-06-06 01:35:07] START cloud code/maneuvering_gnc/MSS/HYDRO/vessels_shipx/supply/MSS supply vessel description.doc (0.1MB pages=None)
[2026-06-06 01:35:09] uploaded MSS supply vessel description.doc batch_id=397a57a9-47a4-424d-ab7a-6783256bb081
[2026-06-06 01:35:10] poll 397a57a9-47a4-424d-ab7a-6783256bb081 state=pending
[2026-06-06 01:35:21] poll 397a57a9-47a4-424d-ab7a-6783256bb081 state=done
[2026-06-06 01:35:22] saved D:\Projects\20260601-Potential-flow-ship\early_stage_materials\parsed_markdown\code\maneuvering_gnc\MSS\HYDRO\vessels_shipx\supply\MSS supply vessel description\cloud_vlm\MSS supply vessel description_cloud_vlm.md
[2026-06-06 01:35:22] START cloud code/potential_flow_seakeeping/Nemoh/Verification/Test cases description.doc (0.0MB pages=None)
[2026-06-06 01:35:23] uploaded Test cases description.doc batch_id=441a461d-8550-478d-a0a5-2118a3af090d
[2026-06-06 01:35:24] poll 441a461d-8550-478d-a0a5-2118a3af090d state=failed
[2026-06-06 01:35:24] FAIL code/potential_flow_seakeeping/Nemoh/Verification/Test cases description.doc: unsupported file type
[2026-06-06 01:35:24] ALL DONE
[2026-06-06 01:35:57] already_done=75 pending=10 skipped=0
[2026-06-06 01:35:57] START cloud code/maneuvering_gnc/MSS/documentation/FDI Identification of seakeeping models from frequency response data/FDI Tutorial.pdf (2.1MB pages=51)
[2026-06-06 01:35:59] uploaded FDI Tutorial.pdf batch_id=6eff5d4b-3fe9-49aa-8731-8837d00d69df
[2026-06-06 01:36:02] poll 6eff5d4b-3fe9-49aa-8731-8837d00d69df state=done
[2026-06-06 01:36:03] saved D:\Projects\20260601-Potential-flow-ship\early_stage_materials\parsed_markdown\code\maneuvering_gnc\MSS\documentation\FDI Identification of seakeeping models from frequency response data\FDI Tutorial\cloud_vlm\FDI Tutorial_cloud_vlm.md
[2026-06-06 01:36:03] START cloud code/maneuvering_gnc/MSS/documentation/FDI Identification of seakeeping models from frequency response data/PerezFossen MIC-29(1) 2008.pdf (0.6MB pages=19)
[2026-06-06 01:36:05] uploaded PerezFossen MIC-29(1) 2008.pdf batch_id=fe8e12bb-ea45-4178-8ffe-c14c0ebc4951
[2026-06-06 01:36:06] poll fe8e12bb-ea45-4178-8ffe-c14c0ebc4951 state=done
[2026-06-06 01:36:07] saved D:\Projects\20260601-Potential-flow-ship\early_stage_materials\parsed_markdown\code\maneuvering_gnc\MSS\documentation\FDI Identification of seakeeping models from frequency response data\PerezFossen MIC-29(1) 2008\cloud_vlm\PerezFossen MIC-29(1) 2008_cloud_vlm.md
[2026-06-06 01:36:07] START cloud code/maneuvering_gnc/MSS/documentation/Ship roll motion control/2010 Plenary by Perez and Balnke.pdf (13.1MB pages=60)
[2026-06-06 01:36:10] uploaded 2010 Plenary by Perez and Balnke.pdf batch_id=d90b2c02-af7f-4097-a2ec-23509eaba592
[2026-06-06 01:36:11] poll d90b2c02-af7f-4097-a2ec-23509eaba592 state=done
[2026-06-06 01:36:14] saved D:\Projects\20260601-Potential-flow-ship\early_stage_materials\parsed_markdown\code\maneuvering_gnc\MSS\documentation\Ship roll motion control\2010 Plenary by Perez and Balnke\cloud_vlm\2010 Plenary by Perez and Balnke_cloud_vlm.md
[2026-06-06 01:36:14] START cloud code/maneuvering_gnc/MSS/documentation/Tutoiral on modelling and simulation of marine craft/Powerpoint/M2_Hydrodynamics.ppt (1.1MB pages=None)
[2026-06-06 01:36:16] uploaded M2_Hydrodynamics.ppt batch_id=c1af9ce0-dd19-43fb-8f8e-679922e6ac9d
[2026-06-06 01:36:18] poll c1af9ce0-dd19-43fb-8f8e-679922e6ac9d state=pending
[2026-06-06 01:36:29] poll c1af9ce0-dd19-43fb-8f8e-679922e6ac9d state=done
[2026-06-06 01:36:30] saved D:\Projects\20260601-Potential-flow-ship\early_stage_materials\parsed_markdown\code\maneuvering_gnc\MSS\documentation\Tutoiral on modelling and simulation of marine craft\Powerpoint\M2_Hydrodynamics\cloud_vlm\M2_Hydrodynamics_cloud_vlm.md
[2026-06-06 01:36:30] START cloud code/maneuvering_gnc/MSS/documentation/Tutoiral on modelling and simulation of marine craft/Powerpoint/M3_RB_dynamics.ppt (2.5MB pages=None)
[2026-06-06 01:36:31] uploaded M3_RB_dynamics.ppt batch_id=f3d5abc0-b54f-4c15-a65d-10b7c5b1b1e3
[2026-06-06 01:36:33] poll f3d5abc0-b54f-4c15-a65d-10b7c5b1b1e3 state=pending
[2026-06-06 01:36:44] poll f3d5abc0-b54f-4c15-a65d-10b7c5b1b1e3 state=done
[2026-06-06 01:36:45] saved D:\Projects\20260601-Potential-flow-ship\early_stage_materials\parsed_markdown\code\maneuvering_gnc\MSS\documentation\Tutoiral on modelling and simulation of marine craft\Powerpoint\M3_RB_dynamics\cloud_vlm\M3_RB_dynamics_cloud_vlm.md
[2026-06-06 01:36:45] START cloud code/maneuvering_gnc/MSS/documentation/Tutoiral on modelling and simulation of marine craft/Powerpoint/M5_disturbances.ppt (4.1MB pages=None)
[2026-06-06 01:36:47] uploaded M5_disturbances.ppt batch_id=c9f213b6-6afc-4665-aac7-96608ffe3c83
[2026-06-06 01:36:48] poll c9f213b6-6afc-4665-aac7-96608ffe3c83 state=pending
[2026-06-06 01:36:59] poll c9f213b6-6afc-4665-aac7-96608ffe3c83 state=done
[2026-06-06 01:37:01] saved D:\Projects\20260601-Potential-flow-ship\early_stage_materials\parsed_markdown\code\maneuvering_gnc\MSS\documentation\Tutoiral on modelling and simulation of marine craft\Powerpoint\M5_disturbances\cloud_vlm\M5_disturbances_cloud_vlm.md
[2026-06-06 01:37:01] START cloud code/maneuvering_gnc/MSS/documentation/Tutoiral on modelling and simulation of marine craft/Powerpoint/M6_FD_Seakeeping models.ppt (1.1MB pages=None)
[2026-06-06 01:37:03] uploaded M6_FD_Seakeeping models.ppt batch_id=d53d6b8b-bb3c-423c-a766-4dfc8b3fe1cc
[2026-06-06 01:37:04] poll d53d6b8b-bb3c-423c-a766-4dfc8b3fe1cc state=pending
[2026-06-06 01:37:15] poll d53d6b8b-bb3c-423c-a766-4dfc8b3fe1cc state=done
[2026-06-06 01:37:16] saved D:\Projects\20260601-Potential-flow-ship\early_stage_materials\parsed_markdown\code\maneuvering_gnc\MSS\documentation\Tutoiral on modelling and simulation of marine craft\Powerpoint\M6_FD_Seakeeping models\cloud_vlm\M6_FD_Seakeeping models_cloud_vlm.md
[2026-06-06 01:37:16] START cloud code/maneuvering_gnc/MSS/documentation/Tutoiral on modelling and simulation of marine craft/Powerpoint/M7_time_domain_models_short.ppt (1.8MB pages=None)
[2026-06-06 01:37:18] uploaded M7_time_domain_models_short.ppt batch_id=b45af847-2a6a-46cf-a1ef-f4158a5a3980
[2026-06-06 01:37:20] poll b45af847-2a6a-46cf-a1ef-f4158a5a3980 state=pending
[2026-06-06 01:37:31] poll b45af847-2a6a-46cf-a1ef-f4158a5a3980 state=done
[2026-06-06 01:37:32] saved D:\Projects\20260601-Potential-flow-ship\early_stage_materials\parsed_markdown\code\maneuvering_gnc\MSS\documentation\Tutoiral on modelling and simulation of marine craft\Powerpoint\M7_time_domain_models_short\cloud_vlm\M7_time_domain_models_short_cloud_vlm.md
[2026-06-06 01:37:32] START cloud code/maneuvering_gnc/MSS/documentation/Tutoiral on modelling and simulation of marine craft/Powerpoint/M8_man_in_seaway.ppt (1.0MB pages=None)
[2026-06-06 01:37:33] uploaded M8_man_in_seaway.ppt batch_id=436ebe4a-1b00-403c-a721-e935cb3e1177
[2026-06-06 01:37:34] poll 436ebe4a-1b00-403c-a721-e935cb3e1177 state=pending
[2026-06-06 01:37:46] poll 436ebe4a-1b00-403c-a721-e935cb3e1177 state=done
[2026-06-06 01:37:46] saved D:\Projects\20260601-Potential-flow-ship\early_stage_materials\parsed_markdown\code\maneuvering_gnc\MSS\documentation\Tutoiral on modelling and simulation of marine craft\Powerpoint\M8_man_in_seaway\cloud_vlm\M8_man_in_seaway_cloud_vlm.md
[2026-06-06 01:37:46] START cloud code/potential_flow_seakeeping/Nemoh/Verification/Test cases description.doc (0.0MB pages=None)
[2026-06-06 01:37:48] uploaded Test cases description.doc batch_id=867fddb6-1378-4cec-8395-6685b050a633
[2026-06-06 01:37:49] poll 867fddb6-1378-4cec-8395-6685b050a633 state=pending
[2026-06-06 01:38:00] poll 867fddb6-1378-4cec-8395-6685b050a633 state=failed
[2026-06-06 01:38:00] FAIL code/potential_flow_seakeeping/Nemoh/Verification/Test cases description.doc: unsupported file type
[2026-06-06 01:38:00] ALL DONE
