39 F 0.1875
0.075 17 0
-0.014625 -0.014396484375 -0.0137109375 -0.012568359375 -0.01096875 -0.008912109375 -0.0063984375 -0.003427734375 0 0.003427734375 0.0063984375 0.008912109375 0.01096875 0.012568359375 0.0137109375 0.014396484375 0.014625
-0 -0.0234375 -0.046875 -0.0703125 -0.09375 -0.1171875 -0.140625 -0.1640625 -0.1875 -0.1640625 -0.140625 -0.1171875 -0.09375 -0.0703125 -0.046875 -0.0234375 -0
0.15 17 0
-0.0285 -0.0280546875 -0.02671875 -0.0244921875 -0.021375 -0.0173671875 -0.01246875 -0.0066796875 0 0.0066796875 0.01246875 0.0173671875 0.021375 0.0244921875 0.02671875 0.0280546875 0.0285
-0 -0.0234375 -0.046875 -0.0703125 -0.09375 -0.1171875 -0.140625 -0.1640625 -0.1875 -0.1640625 -0.140625 -0.1171875 -0.09375 -0.0703125 -0.046875 -0.0234375 -0
0.225 17 0
-0.041625 -0.040974609375 -0.0390234375 -0.035771484375 -0.03121875 -0.025365234375 -0.0182109375 -0.009755859375 0 0.009755859375 0.0182109375 0.025365234375 0.03121875 0.035771484375 0.0390234375 0.040974609375 0.041625
-0 -0.0234375 -0.046875 -0.0703125 -0.09375 -0.1171875 -0.140625 -0.1640625 -0.1875 -0.1640625 -0.140625 -0.1171875 -0.09375 -0.0703125 -0.046875 -0.0234375 -0
0.3 17 0
-0.054 -0.05315625 -0.050625 -0.04640625 -0.0405 -0.03290625 -0.023625 -0.01265625 0 0.01265625 0.023625 0.03290625 0.0405 0.04640625 0.050625 0.05315625 0.054
-0 -0.0234375 -0.046875 -0.0703125 -0.09375 -0.1171875 -0.140625 -0.1640625 -0.1875 -0.1640625 -0.140625 -0.1171875 -0.09375 -0.0703125 -0.046875 -0.0234375 -0
0.375 17 0
-0.065625 -0.064599609375 -0.0615234375 -0.056396484375 -0.04921875 -0.039990234375 -0.0287109375 -0.015380859375 0 0.015380859375 0.0287109375 0.039990234375 0.04921875 0.056396484375 0.0615234375 0.064599609375 0.065625
-0 -0.0234375 -0.046875 -0.0703125 -0.09375 -0.1171875 -0.140625 -0.1640625 -0.1875 -0.1640625 -0.140625 -0.1171875 -0.09375 -0.0703125 -0.046875 -0.0234375 -0
0.45 17 0
-0.0765 -0.0753046875 -0.07171875 -0.0657421875 -0.057375 -0.0466171875 -0.03346875 -0.0179296875 0 0.0179296875 0.03346875 0.0466171875 0.057375 0.0657421875 0.07171875 0.0753046875 0.0765
-0 -0.0234375 -0.046875 -0.0703125 -0.09375 -0.1171875 -0.140625 -0.1640625 -0.1875 -0.1640625 -0.140625 -0.1171875 -0.09375 -0.0703125 -0.046875 -0.0234375 -0
0.525 17 0
-0.086625 -0.085271484375 -0.0812109375 -0.074443359375 -0.06496875 -0.052787109375 -0.0378984375 -0.020302734375 0 0.020302734375 0.0378984375 0.052787109375 0.06496875 0.074443359375 0.0812109375 0.085271484375 0.086625
-0 -0.0234375 -0.046875 -0.0703125 -0.09375 -0.1171875 -0.140625 -0.1640625 -0.1875 -0.1640625 -0.140625 -0.1171875 -0.09375 -0.0703125 -0.046875 -0.0234375 -0
0.6 17 0
-0.096 -0.0945 -0.09 -0.0825 -0.072 -0.0585 -0.042 -0.0225 0 0.0225 0.042 0.0585 0.072 0.0825 0.09 0.0945 0.096
-0 -0.0234375 -0.046875 -0.0703125 -0.09375 -0.1171875 -0.140625 -0.1640625 -0.1875 -0.1640625 -0.140625 -0.1171875 -0.09375 -0.0703125 -0.046875 -0.0234375 -0
0.675 17 0
-0.104625 -0.102990234375 -0.0980859375 -0.089912109375 -0.07846875 -0.063755859375 -0.0457734375 -0.024521484375 0 0.024521484375 0.0457734375 0.063755859375 0.07846875 0.089912109375 0.0980859375 0.102990234375 0.104625
-0 -0.0234375 -0.046875 -0.0703125 -0.09375 -0.1171875 -0.140625 -0.1640625 -0.1875 -0.1640625 -0.140625 -0.1171875 -0.09375 -0.0703125 -0.046875 -0.0234375 -0
0.75 17 0
-0.1125 -0.1107421875 -0.10546875 -0.0966796875 -0.084375 -0.0685546875 -0.04921875 -0.0263671875 0 0.0263671875 0.04921875 0.0685546875 0.084375 0.0966796875 0.10546875 0.1107421875 0.1125
-0 -0.0234375 -0.046875 -0.0703125 -0.09375 -0.1171875 -0.140625 -0.1640625 -0.1875 -0.1640625 -0.140625 -0.1171875 -0.09375 -0.0703125 -0.046875 -0.0234375 -0
0.825 17 0
-0.119625 -0.117755859375 -0.1121484375 -0.102802734375 -0.08971875 -0.072896484375 -0.0523359375 -0.028037109375 0 0.028037109375 0.0523359375 0.072896484375 0.08971875 0.102802734375 0.1121484375 0.117755859375 0.119625
-0 -0.0234375 -0.046875 -0.0703125 -0.09375 -0.1171875 -0.140625 -0.1640625 -0.1875 -0.1640625 -0.140625 -0.1171875 -0.09375 -0.0703125 -0.046875 -0.0234375 -0
0.9 17 0
-0.126 -0.12403125 -0.118125 -0.10828125 -0.0945 -0.07678125 -0.055125 -0.02953125 0 0.02953125 0.055125 0.07678125 0.0945 0.10828125 0.118125 0.12403125 0.126
-0 -0.0234375 -0.046875 -0.0703125 -0.09375 -0.1171875 -0.140625 -0.1640625 -0.1875 -0.1640625 -0.140625 -0.1171875 -0.09375 -0.0703125 -0.046875 -0.0234375 -0
0.975 17 0
-0.131625 -0.129568359375 -0.1233984375 -0.113115234375 -0.09871875 -0.080208984375 -0.0575859375 -0.030849609375 0 0.030849609375 0.0575859375 0.080208984375 0.09871875 0.113115234375 0.1233984375 0.129568359375 0.131625
-0 -0.0234375 -0.046875 -0.0703125 -0.09375 -0.1171875 -0.140625 -0.1640625 -0.1875 -0.1640625 -0.140625 -0.1171875 -0.09375 -0.0703125 -0.046875 -0.0234375 -0
1.05 17 0
-0.1365 -0.1343671875 -0.12796875 -0.1173046875 -0.102375 -0.0831796875 -0.05971875 -0.0319921875 0 0.0319921875 0.05971875 0.0831796875 0.102375 0.1173046875 0.12796875 0.1343671875 0.1365
-0 -0.0234375 -0.046875 -0.0703125 -0.09375 -0.1171875 -0.140625 -0.1640625 -0.1875 -0.1640625 -0.140625 -0.1171875 -0.09375 -0.0703125 -0.046875 -0.0234375 -0
1.125 17 0
-0.140625 -0.138427734375 -0.1318359375 -0.120849609375 -0.10546875 -0.085693359375 -0.0615234375 -0.032958984375 0 0.032958984375 0.0615234375 0.085693359375 0.10546875 0.120849609375 0.1318359375 0.138427734375 0.140625
-0 -0.0234375 -0.046875 -0.0703125 -0.09375 -0.1171875 -0.140625 -0.1640625 -0.1875 -0.1640625 -0.140625 -0.1171875 -0.09375 -0.0703125 -0.046875 -0.0234375 -0
1.2 17 0
-0.144 -0.14175 -0.135 -0.12375 -0.108 -0.08775 -0.063 -0.03375 0 0.03375 0.063 0.08775 0.108 0.12375 0.135 0.14175 0.144
-0 -0.0234375 -0.046875 -0.0703125 -0.09375 -0.1171875 -0.140625 -0.1640625 -0.1875 -0.1640625 -0.140625 -0.1171875 -0.09375 -0.0703125 -0.046875 -0.0234375 -0
1.275 17 0
-0.146625 -0.144333984375 -0.1374609375 -0.126005859375 -0.10996875 -0.089349609375 -0.0641484375 -0.034365234375 0 0.034365234375 0.0641484375 0.089349609375 0.10996875 0.126005859375 0.1374609375 0.144333984375 0.146625
-0 -0.0234375 -0.046875 -0.0703125 -0.09375 -0.1171875 -0.140625 -0.1640625 -0.1875 -0.1640625 -0.140625 -0.1171875 -0.09375 -0.0703125 -0.046875 -0.0234375 -0
1.35 17 0
-0.1485 -0.1461796875 -0.13921875 -0.1276171875 -0.111375 -0.0904921875 -0.06496875 -0.0348046875 0 0.0348046875 0.06496875 0.0904921875 0.111375 0.1276171875 0.13921875 0.1461796875 0.1485
-0 -0.0234375 -0.046875 -0.0703125 -0.09375 -0.1171875 -0.140625 -0.1640625 -0.1875 -0.1640625 -0.140625 -0.1171875 -0.09375 -0.0703125 -0.046875 -0.0234375 -0
1.425 17 0
-0.149625 -0.147287109375 -0.1402734375 -0.128583984375 -0.11221875 -0.091177734375 -0.0654609375 -0.035068359375 0 0.035068359375 0.0654609375 0.091177734375 0.11221875 0.128583984375 0.1402734375 0.147287109375 0.149625
-0 -0.0234375 -0.046875 -0.0703125 -0.09375 -0.1171875 -0.140625 -0.1640625 -0.1875 -0.1640625 -0.140625 -0.1171875 -0.09375 -0.0703125 -0.046875 -0.0234375 -0
1.5 17 0
-0.15 -0.14765625 -0.140625 -0.12890625 -0.1125 -0.09140625 -0.065625 -0.03515625 0 0.03515625 0.065625 0.09140625 0.1125 0.12890625 0.140625 0.14765625 0.15
-0 -0.0234375 -0.046875 -0.0703125 -0.09375 -0.1171875 -0.140625 -0.1640625 -0.1875 -0.1640625 -0.140625 -0.1171875 -0.09375 -0.0703125 -0.046875 -0.0234375 -0
1.575 17 0
-0.149625 -0.147287109375 -0.1402734375 -0.128583984375 -0.11221875 -0.091177734375 -0.0654609375 -0.035068359375 0 0.035068359375 0.0654609375 0.091177734375 0.11221875 0.128583984375 0.1402734375 0.147287109375 0.149625
-0 -0.0234375 -0.046875 -0.0703125 -0.09375 -0.1171875 -0.140625 -0.1640625 -0.1875 -0.1640625 -0.140625 -0.1171875 -0.09375 -0.0703125 -0.046875 -0.0234375 -0
1.65 17 0
-0.1485 -0.1461796875 -0.13921875 -0.1276171875 -0.111375 -0.0904921875 -0.06496875 -0.0348046875 0 0.0348046875 0.06496875 0.0904921875 0.111375 0.1276171875 0.13921875 0.1461796875 0.1485
-0 -0.0234375 -0.046875 -0.0703125 -0.09375 -0.1171875 -0.140625 -0.1640625 -0.1875 -0.1640625 -0.140625 -0.1171875 -0.09375 -0.0703125 -0.046875 -0.0234375 -0
1.725 17 0
-0.146625 -0.144333984375 -0.1374609375 -0.126005859375 -0.10996875 -0.089349609375 -0.0641484375 -0.034365234375 0 0.034365234375 0.0641484375 0.089349609375 0.10996875 0.126005859375 0.1374609375 0.144333984375 0.146625
-0 -0.0234375 -0.046875 -0.0703125 -0.09375 -0.1171875 -0.140625 -0.1640625 -0.1875 -0.1640625 -0.140625 -0.1171875 -0.09375 -0.0703125 -0.046875 -0.0234375 -0
1.8 17 0
-0.144 -0.14175 -0.135 -0.12375 -0.108 -0.08775 -0.063 -0.03375 0 0.03375 0.063 0.08775 0.108 0.12375 0.135 0.14175 0.144
-0 -0.0234375 -0.046875 -0.0703125 -0.09375 -0.1171875 -0.140625 -0.1640625 -0.1875 -0.1640625 -0.140625 -0.1171875 -0.09375 -0.0703125 -0.046875 -0.0234375 -0
1.875 17 0
-0.140625 -0.138427734375 -0.1318359375 -0.120849609375 -0.10546875 -0.085693359375 -0.0615234375 -0.032958984375 0 0.032958984375 0.0615234375 0.085693359375 0.10546875 0.120849609375 0.1318359375 0.138427734375 0.140625
-0 -0.0234375 -0.046875 -0.0703125 -0.09375 -0.1171875 -0.140625 -0.1640625 -0.1875 -0.1640625 -0.140625 -0.1171875 -0.09375 -0.0703125 -0.046875 -0.0234375 -0
1.95 17 0
-0.1365 -0.1343671875 -0.12796875 -0.1173046875 -0.102375 -0.0831796875 -0.05971875 -0.0319921875 0 0.0319921875 0.05971875 0.0831796875 0.102375 0.1173046875 0.12796875 0.1343671875 0.1365
-0 -0.0234375 -0.046875 -0.0703125 -0.09375 -0.1171875 -0.140625 -0.1640625 -0.1875 -0.1640625 -0.140625 -0.1171875 -0.09375 -0.0703125 -0.046875 -0.0234375 -0
2.025 17 0
-0.131625 -0.129568359375 -0.1233984375 -0.113115234375 -0.09871875 -0.080208984375 -0.0575859375 -0.030849609375 0 0.030849609375 0.0575859375 0.080208984375 0.09871875 0.113115234375 0.1233984375 0.129568359375 0.131625
-0 -0.0234375 -0.046875 -0.0703125 -0.09375 -0.1171875 -0.140625 -0.1640625 -0.1875 -0.1640625 -0.140625 -0.1171875 -0.09375 -0.0703125 -0.046875 -0.0234375 -0
2.1 17 0
-0.126 -0.12403125 -0.118125 -0.10828125 -0.0945 -0.07678125 -0.055125 -0.02953125 0 0.02953125 0.055125 0.07678125 0.0945 0.10828125 0.118125 0.12403125 0.126
-0 -0.0234375 -0.046875 -0.0703125 -0.09375 -0.1171875 -0.140625 -0.1640625 -0.1875 -0.1640625 -0.140625 -0.1171875 -0.09375 -0.0703125 -0.046875 -0.0234375 -0
2.175 17 0
-0.119625 -0.117755859375 -0.1121484375 -0.102802734375 -0.08971875 -0.072896484375 -0.0523359375 -0.028037109375 0 0.028037109375 0.0523359375 0.072896484375 0.08971875 0.102802734375 0.1121484375 0.117755859375 0.119625
-0 -0.0234375 -0.046875 -0.0703125 -0.09375 -0.1171875 -0.140625 -0.1640625 -0.1875 -0.1640625 -0.140625 -0.1171875 -0.09375 -0.0703125 -0.046875 -0.0234375 -0
2.25 17 0
-0.1125 -0.1107421875 -0.10546875 -0.0966796875 -0.084375 -0.0685546875 -0.04921875 -0.0263671875 0 0.0263671875 0.04921875 0.0685546875 0.084375 0.0966796875 0.10546875 0.1107421875 0.1125
-0 -0.0234375 -0.046875 -0.0703125 -0.09375 -0.1171875 -0.140625 -0.1640625 -0.1875 -0.1640625 -0.140625 -0.1171875 -0.09375 -0.0703125 -0.046875 -0.0234375 -0
2.325 17 0
-0.104625 -0.102990234375 -0.0980859375 -0.089912109375 -0.07846875 -0.063755859375 -0.0457734375 -0.024521484375 0 0.024521484375 0.0457734375 0.063755859375 0.07846875 0.089912109375 0.0980859375 0.102990234375 0.104625
-0 -0.0234375 -0.046875 -0.0703125 -0.09375 -0.1171875 -0.140625 -0.1640625 -0.1875 -0.1640625 -0.140625 -0.1171875 -0.09375 -0.0703125 -0.046875 -0.0234375 -0
2.4 17 0
-0.096 -0.0945 -0.09 -0.0825 -0.072 -0.0585 -0.042 -0.0225 0 0.0225 0.042 0.0585 0.072 0.0825 0.09 0.0945 0.096
-0 -0.0234375 -0.046875 -0.0703125 -0.09375 -0.1171875 -0.140625 -0.1640625 -0.1875 -0.1640625 -0.140625 -0.1171875 -0.09375 -0.0703125 -0.046875 -0.0234375 -0
2.475 17 0
-0.086625 -0.085271484375 -0.0812109375 -0.074443359375 -0.06496875 -0.052787109375 -0.0378984375 -0.020302734375 0 0.020302734375 0.0378984375 0.052787109375 0.06496875 0.074443359375 0.0812109375 0.085271484375 0.086625
-0 -0.0234375 -0.046875 -0.0703125 -0.09375 -0.1171875 -0.140625 -0.1640625 -0.1875 -0.1640625 -0.140625 -0.1171875 -0.09375 -0.0703125 -0.046875 -0.0234375 -0
2.55 17 0
-0.0765 -0.0753046875 -0.07171875 -0.0657421875 -0.057375 -0.0466171875 -0.03346875 -0.0179296875 0 0.0179296875 0.03346875 0.0466171875 0.057375 0.0657421875 0.07171875 0.0753046875 0.0765
-0 -0.0234375 -0.046875 -0.0703125 -0.09375 -0.1171875 -0.140625 -0.1640625 -0.1875 -0.1640625 -0.140625 -0.1171875 -0.09375 -0.0703125 -0.046875 -0.0234375 -0
2.625 17 0
-0.065625 -0.064599609375 -0.0615234375 -0.056396484375 -0.04921875 -0.039990234375 -0.0287109375 -0.015380859375 0 0.015380859375 0.0287109375 0.039990234375 0.04921875 0.056396484375 0.0615234375 0.064599609375 0.065625
-0 -0.0234375 -0.046875 -0.0703125 -0.09375 -0.1171875 -0.140625 -0.1640625 -0.1875 -0.1640625 -0.140625 -0.1171875 -0.09375 -0.0703125 -0.046875 -0.0234375 -0
2.7 17 0
-0.054 -0.05315625 -0.050625 -0.04640625 -0.0405 -0.03290625 -0.023625 -0.01265625 0 0.01265625 0.023625 0.03290625 0.0405 0.04640625 0.050625 0.05315625 0.054
-0 -0.0234375 -0.046875 -0.0703125 -0.09375 -0.1171875 -0.140625 -0.1640625 -0.1875 -0.1640625 -0.140625 -0.1171875 -0.09375 -0.0703125 -0.046875 -0.0234375 -0
2.775 17 0
-0.041625 -0.040974609375 -0.0390234375 -0.035771484375 -0.03121875 -0.025365234375 -0.0182109375 -0.009755859375 0 0.009755859375 0.0182109375 0.025365234375 0.03121875 0.035771484375 0.0390234375 0.040974609375 0.041625
-0 -0.0234375 -0.046875 -0.0703125 -0.09375 -0.1171875 -0.140625 -0.1640625 -0.1875 -0.1640625 -0.140625 -0.1171875 -0.09375 -0.0703125 -0.046875 -0.0234375 -0
2.85 17 0
-0.0285 -0.0280546875 -0.02671875 -0.0244921875 -0.021375 -0.0173671875 -0.01246875 -0.0066796875 0 0.0066796875 0.01246875 0.0173671875 0.021375 0.0244921875 0.02671875 0.0280546875 0.0285
-0 -0.0234375 -0.046875 -0.0703125 -0.09375 -0.1171875 -0.140625 -0.1640625 -0.1875 -0.1640625 -0.140625 -0.1171875 -0.09375 -0.0703125 -0.046875 -0.0234375 -0
2.925 17 0
-0.014625 -0.014396484375 -0.0137109375 -0.012568359375 -0.01096875 -0.008912109375 -0.0063984375 -0.003427734375 0 0.003427734375 0.0063984375 0.008912109375 0.01096875 0.012568359375 0.0137109375 0.014396484375 0.014625
-0 -0.0234375 -0.046875 -0.0703125 -0.09375 -0.1171875 -0.140625 -0.1640625 -0.1875 -0.1640625 -0.140625 -0.1171875 -0.09375 -0.0703125 -0.046875 -0.0234375 -0
