 +-no.of pressure points per section  0
 Section hydrodynamic data?         yes
 Transfer functions?                 no
 Significant amplitudes?             no

 Station hull section hydrodynamics                                              
 In the following input data x,y,z are directed forward, to port side, up

 Gravity acceleration             9.807
 Water density                 1025.000
 z of still waterline             0.000
 z of water bottom               -0.100E+07
 z for water drift velocity     999.000
 Wave encounter angles            0.000
 Offset file name: geomet.out
 Number of sections                  39
 Symmetry?                           no
 Reference draft                  0.188
 Section no.  1 at x=     0.075
 y:    -0.015    -0.014    -0.014    -0.013    -0.011    -0.009    -0.006    -0.003
 y:     0.000     0.003     0.006     0.009     0.011     0.013     0.014     0.014
 y:     0.015
 z:    -0.000    -0.023    -0.047    -0.070    -0.094    -0.117    -0.141    -0.164
 z:    -0.188    -0.164    -0.141    -0.117    -0.094    -0.070    -0.047    -0.023
 z:    -0.000
 Section no.  2 at x=     0.150
 y:    -0.029    -0.028    -0.027    -0.024    -0.021    -0.017    -0.012    -0.007
 y:     0.000     0.007     0.012     0.017     0.021     0.024     0.027     0.028
 y:     0.029
 z:    -0.000    -0.023    -0.047    -0.070    -0.094    -0.117    -0.141    -0.164
 z:    -0.188    -0.164    -0.141    -0.117    -0.094    -0.070    -0.047    -0.023
 z:    -0.000
 Section no.  3 at x=     0.225
 y:    -0.042    -0.041    -0.039    -0.036    -0.031    -0.025    -0.018    -0.010
 y:     0.000     0.010     0.018     0.025     0.031     0.036     0.039     0.041
 y:     0.042
 z:    -0.000    -0.023    -0.047    -0.070    -0.094    -0.117    -0.141    -0.164
 z:    -0.188    -0.164    -0.141    -0.117    -0.094    -0.070    -0.047    -0.023
 z:    -0.000
 Section no.  4 at x=     0.300
 y:    -0.054    -0.053    -0.051    -0.046    -0.041    -0.033    -0.024    -0.013
 y:     0.000     0.013     0.024     0.033     0.041     0.046     0.051     0.053
 y:     0.054
 z:    -0.000    -0.023    -0.047    -0.070    -0.094    -0.117    -0.141    -0.164
 z:    -0.188    -0.164    -0.141    -0.117    -0.094    -0.070    -0.047    -0.023
 z:    -0.000
 Section no.  5 at x=     0.375
 y:    -0.066    -0.065    -0.062    -0.056    -0.049    -0.040    -0.029    -0.015
 y:     0.000     0.015     0.029     0.040     0.049     0.056     0.062     0.065
 y:     0.066
 z:    -0.000    -0.023    -0.047    -0.070    -0.094    -0.117    -0.141    -0.164
 z:    -0.188    -0.164    -0.141    -0.117    -0.094    -0.070    -0.047    -0.023
 z:    -0.000
 Section no.  6 at x=     0.450
 y:    -0.076    -0.075    -0.072    -0.066    -0.057    -0.047    -0.033    -0.018
 y:     0.000     0.018     0.033     0.047     0.057     0.066     0.072     0.075
 y:     0.076
 z:    -0.000    -0.023    -0.047    -0.070    -0.094    -0.117    -0.141    -0.164
 z:    -0.188    -0.164    -0.141    -0.117    -0.094    -0.070    -0.047    -0.023
 z:    -0.000
 Section no.  7 at x=     0.525
 y:    -0.087    -0.085    -0.081    -0.074    -0.065    -0.053    -0.038    -0.020
 y:     0.000     0.020     0.038     0.053     0.065     0.074     0.081     0.085
 y:     0.087
 z:    -0.000    -0.023    -0.047    -0.070    -0.094    -0.117    -0.141    -0.164
 z:    -0.188    -0.164    -0.141    -0.117    -0.094    -0.070    -0.047    -0.023
 z:    -0.000
 Section no.  8 at x=     0.600
 y:    -0.096    -0.094    -0.090    -0.083    -0.072    -0.058    -0.042    -0.023
 y:     0.000     0.023     0.042     0.058     0.072     0.083     0.090     0.094
 y:     0.096
 z:    -0.000    -0.023    -0.047    -0.070    -0.094    -0.117    -0.141    -0.164
 z:    -0.188    -0.164    -0.141    -0.117    -0.094    -0.070    -0.047    -0.023
 z:    -0.000
 Section no.  9 at x=     0.675
 y:    -0.105    -0.103    -0.098    -0.090    -0.078    -0.064    -0.046    -0.025
 y:     0.000     0.025     0.046     0.064     0.078     0.090     0.098     0.103
 y:     0.105
 z:    -0.000    -0.023    -0.047    -0.070    -0.094    -0.117    -0.141    -0.164
 z:    -0.188    -0.164    -0.141    -0.117    -0.094    -0.070    -0.047    -0.023
 z:    -0.000
 Section no. 10 at x=     0.750
 y:    -0.112    -0.111    -0.105    -0.097    -0.084    -0.069    -0.049    -0.026
 y:     0.000     0.026     0.049     0.069     0.084     0.097     0.105     0.111
 y:     0.112
 z:    -0.000    -0.023    -0.047    -0.070    -0.094    -0.117    -0.141    -0.164
 z:    -0.188    -0.164    -0.141    -0.117    -0.094    -0.070    -0.047    -0.023
 z:    -0.000
 Section no. 11 at x=     0.825
 y:    -0.120    -0.118    -0.112    -0.103    -0.090    -0.073    -0.052    -0.028
 y:     0.000     0.028     0.052     0.073     0.090     0.103     0.112     0.118
 y:     0.120
 z:    -0.000    -0.023    -0.047    -0.070    -0.094    -0.117    -0.141    -0.164
 z:    -0.188    -0.164    -0.141    -0.117    -0.094    -0.070    -0.047    -0.023
 z:    -0.000
 Section no. 12 at x=     0.900
 y:    -0.126    -0.124    -0.118    -0.108    -0.094    -0.077    -0.055    -0.030
 y:     0.000     0.030     0.055     0.077     0.094     0.108     0.118     0.124
 y:     0.126
 z:    -0.000    -0.023    -0.047    -0.070    -0.094    -0.117    -0.141    -0.164
 z:    -0.188    -0.164    -0.141    -0.117    -0.094    -0.070    -0.047    -0.023
 z:    -0.000
 Section no. 13 at x=     0.975
 y:    -0.132    -0.130    -0.123    -0.113    -0.099    -0.080    -0.058    -0.031
 y:     0.000     0.031     0.058     0.080     0.099     0.113     0.123     0.130
 y:     0.132
 z:    -0.000    -0.023    -0.047    -0.070    -0.094    -0.117    -0.141    -0.164
 z:    -0.188    -0.164    -0.141    -0.117    -0.094    -0.070    -0.047    -0.023
 z:    -0.000
 Section no. 14 at x=     1.050
 y:    -0.137    -0.134    -0.128    -0.117    -0.102    -0.083    -0.060    -0.032
 y:     0.000     0.032     0.060     0.083     0.102     0.117     0.128     0.134
 y:     0.137
 z:    -0.000    -0.023    -0.047    -0.070    -0.094    -0.117    -0.141    -0.164
 z:    -0.188    -0.164    -0.141    -0.117    -0.094    -0.070    -0.047    -0.023
 z:    -0.000
 Section no. 15 at x=     1.125
 y:    -0.141    -0.138    -0.132    -0.121    -0.105    -0.086    -0.062    -0.033
 y:     0.000     0.033     0.062     0.086     0.105     0.121     0.132     0.138
 y:     0.141
 z:    -0.000    -0.023    -0.047    -0.070    -0.094    -0.117    -0.141    -0.164
 z:    -0.188    -0.164    -0.141    -0.117    -0.094    -0.070    -0.047    -0.023
 z:    -0.000
 Section no. 16 at x=     1.200
 y:    -0.144    -0.142    -0.135    -0.124    -0.108    -0.088    -0.063    -0.034
 y:     0.000     0.034     0.063     0.088     0.108     0.124     0.135     0.142
 y:     0.144
 z:    -0.000    -0.023    -0.047    -0.070    -0.094    -0.117    -0.141    -0.164
 z:    -0.188    -0.164    -0.141    -0.117    -0.094    -0.070    -0.047    -0.023
 z:    -0.000
 Section no. 17 at x=     1.275
 y:    -0.147    -0.144    -0.137    -0.126    -0.110    -0.089    -0.064    -0.034
 y:     0.000     0.034     0.064     0.089     0.110     0.126     0.137     0.144
 y:     0.147
 z:    -0.000    -0.023    -0.047    -0.070    -0.094    -0.117    -0.141    -0.164
 z:    -0.188    -0.164    -0.141    -0.117    -0.094    -0.070    -0.047    -0.023
 z:    -0.000
 Section no. 18 at x=     1.350
 y:    -0.148    -0.146    -0.139    -0.128    -0.111    -0.090    -0.065    -0.035
 y:     0.000     0.035     0.065     0.090     0.111     0.128     0.139     0.146
 y:     0.148
 z:    -0.000    -0.023    -0.047    -0.070    -0.094    -0.117    -0.141    -0.164
 z:    -0.188    -0.164    -0.141    -0.117    -0.094    -0.070    -0.047    -0.023
 z:    -0.000
 Section no. 19 at x=     1.425
 y:    -0.150    -0.147    -0.140    -0.129    -0.112    -0.091    -0.065    -0.035
 y:     0.000     0.035     0.065     0.091     0.112     0.129     0.140     0.147
 y:     0.150
 z:    -0.000    -0.023    -0.047    -0.070    -0.094    -0.117    -0.141    -0.164
 z:    -0.188    -0.164    -0.141    -0.117    -0.094    -0.070    -0.047    -0.023
 z:    -0.000
 Section no. 20 at x=     1.500
 y:    -0.150    -0.148    -0.141    -0.129    -0.112    -0.091    -0.066    -0.035
 y:     0.000     0.035     0.066     0.091     0.112     0.129     0.141     0.148
 y:     0.150
 z:    -0.000    -0.023    -0.047    -0.070    -0.094    -0.117    -0.141    -0.164
 z:    -0.188    -0.164    -0.141    -0.117    -0.094    -0.070    -0.047    -0.023
 z:    -0.000
 Section no. 21 at x=     1.575
 y:    -0.150    -0.147    -0.140    -0.129    -0.112    -0.091    -0.065    -0.035
 y:     0.000     0.035     0.065     0.091     0.112     0.129     0.140     0.147
 y:     0.150
 z:    -0.000    -0.023    -0.047    -0.070    -0.094    -0.117    -0.141    -0.164
 z:    -0.188    -0.164    -0.141    -0.117    -0.094    -0.070    -0.047    -0.023
 z:    -0.000
 Section no. 22 at x=     1.650
 y:    -0.148    -0.146    -0.139    -0.128    -0.111    -0.090    -0.065    -0.035
 y:     0.000     0.035     0.065     0.090     0.111     0.128     0.139     0.146
 y:     0.148
 z:    -0.000    -0.023    -0.047    -0.070    -0.094    -0.117    -0.141    -0.164
 z:    -0.188    -0.164    -0.141    -0.117    -0.094    -0.070    -0.047    -0.023
 z:    -0.000
 Section no. 23 at x=     1.725
 y:    -0.147    -0.144    -0.137    -0.126    -0.110    -0.089    -0.064    -0.034
 y:     0.000     0.034     0.064     0.089     0.110     0.126     0.137     0.144
 y:     0.147
 z:    -0.000    -0.023    -0.047    -0.070    -0.094    -0.117    -0.141    -0.164
 z:    -0.188    -0.164    -0.141    -0.117    -0.094    -0.070    -0.047    -0.023
 z:    -0.000
 Section no. 24 at x=     1.800
 y:    -0.144    -0.142    -0.135    -0.124    -0.108    -0.088    -0.063    -0.034
 y:     0.000     0.034     0.063     0.088     0.108     0.124     0.135     0.142
 y:     0.144
 z:    -0.000    -0.023    -0.047    -0.070    -0.094    -0.117    -0.141    -0.164
 z:    -0.188    -0.164    -0.141    -0.117    -0.094    -0.070    -0.047    -0.023
 z:    -0.000
 Section no. 25 at x=     1.875
 y:    -0.141    -0.138    -0.132    -0.121    -0.105    -0.086    -0.062    -0.033
 y:     0.000     0.033     0.062     0.086     0.105     0.121     0.132     0.138
 y:     0.141
 z:    -0.000    -0.023    -0.047    -0.070    -0.094    -0.117    -0.141    -0.164
 z:    -0.188    -0.164    -0.141    -0.117    -0.094    -0.070    -0.047    -0.023
 z:    -0.000
 Section no. 26 at x=     1.950
 y:    -0.137    -0.134    -0.128    -0.117    -0.102    -0.083    -0.060    -0.032
 y:     0.000     0.032     0.060     0.083     0.102     0.117     0.128     0.134
 y:     0.137
 z:    -0.000    -0.023    -0.047    -0.070    -0.094    -0.117    -0.141    -0.164
 z:    -0.188    -0.164    -0.141    -0.117    -0.094    -0.070    -0.047    -0.023
 z:    -0.000
 Section no. 27 at x=     2.025
 y:    -0.132    -0.130    -0.123    -0.113    -0.099    -0.080    -0.058    -0.031
 y:     0.000     0.031     0.058     0.080     0.099     0.113     0.123     0.130
 y:     0.132
 z:    -0.000    -0.023    -0.047    -0.070    -0.094    -0.117    -0.141    -0.164
 z:    -0.188    -0.164    -0.141    -0.117    -0.094    -0.070    -0.047    -0.023
 z:    -0.000
 Section no. 28 at x=     2.100
 y:    -0.126    -0.124    -0.118    -0.108    -0.094    -0.077    -0.055    -0.030
 y:     0.000     0.030     0.055     0.077     0.094     0.108     0.118     0.124
 y:     0.126
 z:    -0.000    -0.023    -0.047    -0.070    -0.094    -0.117    -0.141    -0.164
 z:    -0.188    -0.164    -0.141    -0.117    -0.094    -0.070    -0.047    -0.023
 z:    -0.000
 Section no. 29 at x=     2.175
 y:    -0.120    -0.118    -0.112    -0.103    -0.090    -0.073    -0.052    -0.028
 y:     0.000     0.028     0.052     0.073     0.090     0.103     0.112     0.118
 y:     0.120
 z:    -0.000    -0.023    -0.047    -0.070    -0.094    -0.117    -0.141    -0.164
 z:    -0.188    -0.164    -0.141    -0.117    -0.094    -0.070    -0.047    -0.023
 z:    -0.000
 Section no. 30 at x=     2.250
 y:    -0.112    -0.111    -0.105    -0.097    -0.084    -0.069    -0.049    -0.026
 y:     0.000     0.026     0.049     0.069     0.084     0.097     0.105     0.111
 y:     0.112
 z:    -0.000    -0.023    -0.047    -0.070    -0.094    -0.117    -0.141    -0.164
 z:    -0.188    -0.164    -0.141    -0.117    -0.094    -0.070    -0.047    -0.023
 z:    -0.000
 Section no. 31 at x=     2.325
 y:    -0.105    -0.103    -0.098    -0.090    -0.078    -0.064    -0.046    -0.025
 y:     0.000     0.025     0.046     0.064     0.078     0.090     0.098     0.103
 y:     0.105
 z:    -0.000    -0.023    -0.047    -0.070    -0.094    -0.117    -0.141    -0.164
 z:    -0.188    -0.164    -0.141    -0.117    -0.094    -0.070    -0.047    -0.023
 z:    -0.000
 Section no. 32 at x=     2.400
 y:    -0.096    -0.094    -0.090    -0.083    -0.072    -0.058    -0.042    -0.023
 y:     0.000     0.023     0.042     0.058     0.072     0.083     0.090     0.094
 y:     0.096
 z:    -0.000    -0.023    -0.047    -0.070    -0.094    -0.117    -0.141    -0.164
 z:    -0.188    -0.164    -0.141    -0.117    -0.094    -0.070    -0.047    -0.023
 z:    -0.000
 Section no. 33 at x=     2.475
 y:    -0.087    -0.085    -0.081    -0.074    -0.065    -0.053    -0.038    -0.020
 y:     0.000     0.020     0.038     0.053     0.065     0.074     0.081     0.085
 y:     0.087
 z:    -0.000    -0.023    -0.047    -0.070    -0.094    -0.117    -0.141    -0.164
 z:    -0.188    -0.164    -0.141    -0.117    -0.094    -0.070    -0.047    -0.023
 z:    -0.000
 Section no. 34 at x=     2.550
 y:    -0.076    -0.075    -0.072    -0.066    -0.057    -0.047    -0.033    -0.018
 y:     0.000     0.018     0.033     0.047     0.057     0.066     0.072     0.075
 y:     0.076
 z:    -0.000    -0.023    -0.047    -0.070    -0.094    -0.117    -0.141    -0.164
 z:    -0.188    -0.164    -0.141    -0.117    -0.094    -0.070    -0.047    -0.023
 z:    -0.000
 Section no. 35 at x=     2.625
 y:    -0.066    -0.065    -0.062    -0.056    -0.049    -0.040    -0.029    -0.015
 y:     0.000     0.015     0.029     0.040     0.049     0.056     0.062     0.065
 y:     0.066
 z:    -0.000    -0.023    -0.047    -0.070    -0.094    -0.117    -0.141    -0.164
 z:    -0.188    -0.164    -0.141    -0.117    -0.094    -0.070    -0.047    -0.023
 z:    -0.000
 Section no. 36 at x=     2.700
 y:    -0.054    -0.053    -0.051    -0.046    -0.041    -0.033    -0.024    -0.013
 y:     0.000     0.013     0.024     0.033     0.041     0.046     0.051     0.053
 y:     0.054
 z:    -0.000    -0.023    -0.047    -0.070    -0.094    -0.117    -0.141    -0.164
 z:    -0.188    -0.164    -0.141    -0.117    -0.094    -0.070    -0.047    -0.023
 z:    -0.000
 Section no. 37 at x=     2.775
 y:    -0.042    -0.041    -0.039    -0.036    -0.031    -0.025    -0.018    -0.010
 y:     0.000     0.010     0.018     0.025     0.031     0.036     0.039     0.041
 y:     0.042
 z:    -0.000    -0.023    -0.047    -0.070    -0.094    -0.117    -0.141    -0.164
 z:    -0.188    -0.164    -0.141    -0.117    -0.094    -0.070    -0.047    -0.023
 z:    -0.000
 Section no. 38 at x=     2.850
 y:    -0.029    -0.028    -0.027    -0.024    -0.021    -0.017    -0.012    -0.007
 y:     0.000     0.007     0.012     0.017     0.021     0.024     0.027     0.028
 y:     0.029
 z:    -0.000    -0.023    -0.047    -0.070    -0.094    -0.117    -0.141    -0.164
 z:    -0.188    -0.164    -0.141    -0.117    -0.094    -0.070    -0.047    -0.023
 z:    -0.000
 Section no. 39 at x=     2.925
 y:    -0.015    -0.014    -0.014    -0.013    -0.011    -0.009    -0.006    -0.003
 y:     0.000     0.003     0.006     0.009     0.011     0.013     0.014     0.014
 y:     0.015
 z:    -0.000    -0.023    -0.047    -0.070    -0.094    -0.117    -0.141    -0.164
 z:    -0.188    -0.164    -0.141    -0.117    -0.094    -0.070    -0.047    -0.023
 z:    -0.000
