39 F 9.94
6.71 17 0
-3.96588264269 -3.47014731235 -2.97441198201 -2.47867665168 -1.98294132134 -1.48720599101 -0.991470660672 -0.495735330336 0 0.495735330336 0.991470660672 1.48720599101 1.98294132134 2.47867665168 2.97441198201 3.47014731235 3.96588264269
-0 -0.95624635661 -1.91249271322 -2.86873906983 -3.82498542644 -4.78123178305 -5.73747813966 -6.69372449627 -7.64997085288 -6.69372449627 -5.73747813966 -4.78123178305 -3.82498542644 -2.86873906983 -1.91249271322 -0.95624635661 -0
13.42 17 0
-5.79654066769 -5.07197308423 -4.34740550077 -3.62283791731 -2.89827033385 -2.17370275038 -1.44913516692 -0.724567583462 0 0.724567583462 1.44913516692 2.17370275038 2.89827033385 3.62283791731 4.34740550077 5.07197308423 5.79654066769
-0 -0.980467455703 -1.96093491141 -2.94140236711 -3.92186982281 -4.90233727852 -5.88280473422 -6.86327218992 -7.84373964562 -6.86327218992 -5.88280473422 -4.90233727852 -3.92186982281 -2.94140236711 -1.96093491141 -0.980467455703 -0
20.13 17 0
-7.22416960904 -6.32114840791 -5.41812720678 -4.51510600565 -3.61208480452 -2.70906360339 -1.80604240226 -0.90302120113 0 0.90302120113 1.80604240226 2.70906360339 3.61208480452 4.51510600565 5.41812720678 6.32114840791 7.22416960904
-0 -1.00438896615 -2.0087779323 -3.01316689844 -4.01755586459 -5.02194483074 -6.02633379689 -7.03072276303 -8.03511172918 -7.03072276303 -6.02633379689 -5.02194483074 -4.01755586459 -3.01316689844 -2.0087779323 -1.00438896615 -0
26.84 17 0
-8.42900564444 -7.37537993888 -6.32175423333 -5.26812852777 -4.21450282222 -3.16087711666 -2.10725141111 -1.05362570555 0 1.05362570555 2.10725141111 3.16087711666 4.21450282222 5.26812852777 6.32175423333 7.37537993888 8.42900564444
-0 -1.02786340388 -2.05572680776 -3.08359021163 -4.11145361551 -5.13931701939 -6.16718042327 -7.19504382714 -8.22290723102 -7.19504382714 -6.16718042327 -5.13931701939 -4.11145361551 -3.08359021163 -2.05572680776 -1.02786340388 -0
33.55 17 0
-9.48086271046 -8.29575487165 -7.11064703284 -5.92553919404 -4.74043135523 -3.55532351642 -2.37021567761 -1.18510783881 0 1.18510783881 2.37021567761 3.55532351642 4.74043135523 5.92553919404 7.11064703284 8.29575487165 9.48086271046
-0 -1.05074604118 -2.10149208236 -3.15223812354 -4.20298416471 -5.25373020589 -6.30447624707 -7.35522228825 -8.40596832943 -7.35522228825 -6.30447624707 -5.25373020589 -4.20298416471 -3.15223812354 -2.10149208236 -1.05074604118 -0
40.26 17 0
-10.415059733 -9.11317726642 -7.81129479979 -6.50941233316 -5.20752986652 -3.90564739989 -2.60376493326 -1.30188246663 0 1.30188246663 2.60376493326 3.90564739989 5.20752986652 6.50941233316 7.81129479979 9.11317726642 10.415059733
-0 -1.07289579898 -2.14579159796 -3.21868739694 -4.29158319593 -5.36447899491 -6.43737479389 -7.51027059287 -8.58316639185 -7.51027059287 -6.43737479389 -5.36447899491 -4.29158319593 -3.21868739694 -2.14579159796 -1.07289579898 -0
46.97 17 0
-11.2520810143 -9.84557088753 -8.43906076074 -7.03255063395 -5.62604050716 -4.21953038037 -2.81302025358 -1.40651012679 0 1.40651012679 2.81302025358 4.21953038037 5.62604050716 7.03255063395 8.43906076074 9.84557088753 11.2520810143
-0 -1.09417611666 -2.18835223333 -3.28252834999 -4.37670446666 -5.47088058332 -6.56505669999 -7.65923281665 -8.75340893332 -7.65923281665 -6.56505669999 -5.47088058332 -4.37670446666 -3.28252834999 -2.18835223333 -1.09417611666 -0
53.68 17 0
-12.0048384839 -10.5042336734 -9.0036288629 -7.50302405242 -6.00241924194 -4.50181443145 -3.00120962097 -1.50060481048 0 1.50060481048 3.00120962097 4.50181443145 6.00241924194 7.50302405242 9.0036288629 10.5042336734 12.0048384839
-0 -1.11445579399 -2.22891158799 -3.34336738198 -4.45782317597 -5.57227896997 -6.68673476396 -7.80119055795 -8.91564635195 -7.80119055795 -6.68673476396 -5.57227896997 -4.45782317597 -3.34336738198 -2.22891158799 -1.11445579399 -0
60.39 17 0
-12.6819335489 -11.0966918553 -9.51145016166 -7.92620846805 -6.34096677444 -4.75572508083 -3.17048338722 -1.58524169361 0 1.58524169361 3.17048338722 4.75572508083 6.34096677444 7.92620846805 9.51145016166 11.0966918553 12.6819335489
-0 -1.13360980001 -2.26721960003 -3.40082940004 -4.53443920005 -5.66804900006 -6.80165880008 -7.93526860009 -9.0688784001 -7.93526860009 -6.80165880008 -5.66804900006 -4.53443920005 -3.40082940004 -2.26721960003 -1.13360980001 -0
67.1 17 0
-13.2893211159 -11.6281559764 -9.96699083694 -8.30582569745 -6.64466055796 -4.98349541847 -3.32233027898 -1.66116513949 0 1.66116513949 3.32233027898 4.98349541847 6.64466055796 8.30582569745 9.96699083694 11.6281559764 13.2893211159
-0 -1.15152004391 -2.30304008781 -3.45456013172 -4.60608017562 -5.75760021953 -6.90912026344 -8.06064030734 -9.21216035125 -8.06064030734 -6.90912026344 -5.75760021953 -4.60608017562 -3.45456013172 -2.30304008781 -1.15152004391 -0
73.81 17 0
-13.8312387449 -12.1023339018 -10.3734290587 -8.64452421555 -6.91561937244 -5.18671452933 -3.45780968622 -1.72890484311 0 1.72890484311 3.45780968622 5.18671452933 6.91561937244 8.64452421555 10.3734290587 12.1023339018 13.8312387449
-0 -1.16807610306 -2.33615220613 -3.50422830919 -4.67230441226 -5.84038051532 -7.00845661839 -8.17653272145 -9.34460882452 -8.17653272145 -7.00845661839 -5.84038051532 -4.67230441226 -3.50422830919 -2.33615220613 -1.16807610306 -0
80.52 17 0
-14.3107616651 -12.521916457 -10.7330712488 -8.9442260407 -7.15538083256 -5.36653562442 -3.57769041628 -1.78884520814 0 1.78884520814 3.57769041628 5.36653562442 7.15538083256 8.9442260407 10.7330712488 12.521916457 14.3107616651
-0 -1.18317590388 -2.36635180776 -3.54952771163 -4.73270361551 -5.91587951939 -7.09905542327 -8.28223132714 -9.46540723102 -8.28223132714 -7.09905542327 -5.91587951939 -4.73270361551 -3.54952771163 -2.36635180776 -1.18317590388 -0
87.23 17 0
-14.7301519563 -12.8888829617 -11.0476139672 -9.20634497267 -7.36507597814 -5.5238069836 -3.68253798907 -1.84126899453 0 1.84126899453 3.68253798907 5.5238069836 7.36507597814 9.20634497267 11.0476139672 12.8888829617 14.7301519563
-0 -1.19672635105 -2.3934527021 -3.59017905316 -4.78690540421 -5.98363175526 -7.18035810631 -8.37708445737 -9.57381080842 -8.37708445737 -7.18035810631 -5.98363175526 -4.78690540421 -3.59017905316 -2.3934527021 -1.19672635105 -0
93.94 17 0
-15.0910872722 -13.2047013632 -11.3183154541 -9.43192954512 -7.54554363609 -5.65915772707 -3.77277181805 -1.88638590902 0 1.88638590902 3.77277181805 5.65915772707 7.54554363609 9.43192954512 11.3183154541 13.2047013632 15.0910872722
-0 -1.20864390158 -2.41728780315 -3.62593170473 -4.8345756063 -6.04321950788 -7.25186340946 -8.46050731103 -9.66915121261 -8.46050731103 -7.25186340946 -6.04321950788 -4.8345756063 -3.62593170473 -2.41728780315 -1.20864390158 -0
100.65 17 0
-15.3948153662 -13.4704634454 -11.5461115246 -9.62175960385 -7.69740768308 -5.77305576231 -3.84870384154 -1.92435192077 0 1.92435192077 3.84870384154 5.77305576231 7.69740768308 9.62175960385 11.5461115246 13.4704634454 15.3948153662
-0 -1.21885507979 -2.43771015957 -3.65656523936 -4.87542031915 -6.09427539893 -7.31313047872 -8.5319855585 -9.75084063829 -8.5319855585 -7.31313047872 -6.09427539893 -4.87542031915 -3.65656523936 -2.43771015957 -1.21885507979 -0
107.36 17 0
-15.6422608343 -13.68697823 -11.7316956257 -9.77641302145 -7.82113041716 -5.86584781287 -3.91056520858 -1.95528260429 0 1.95528260429 3.91056520858 5.86584781287 7.82113041716 9.77641302145 11.7316956257 13.68697823 15.6422608343
-0 -1.22729693037 -2.45459386075 -3.68189079112 -4.9091877215 -6.13648465187 -7.36378158225 -8.59107851262 -9.81837544299 -8.59107851262 -7.36378158225 -6.13648465187 -4.9091877215 -3.68189079112 -2.45459386075 -1.22729693037 -0
114.07 17 0
-15.8340998066 -13.8548373308 -11.875574855 -9.89631237915 -7.91704990332 -5.93778742749 -3.95852495166 -1.97926247583 0 1.97926247583 3.95852495166 5.93778742749 7.91704990332 9.89631237915 11.875574855 13.8548373308 15.8340998066
-0 -1.23391740652 -2.46783481305 -3.70175221957 -4.93566962609 -6.16958703262 -7.40350443914 -8.63742184566 -9.87133925219 -8.63742184566 -7.40350443914 -6.16958703262 -4.93566962609 -3.70175221957 -2.46783481305 -1.23391740652 -0
120.78 17 0
-15.9708122527 -13.9744607211 -11.9781091896 -9.98175765796 -7.98540612637 -5.98905459478 -3.99270306318 -1.99635153159 0 1.99635153159 3.99270306318 5.98905459478 7.98540612637 9.98175765796 11.9781091896 13.9744607211 15.9708122527
-0 -1.2386756908 -2.47735138159 -3.71602707239 -4.95470276319 -6.19337845399 -7.43205414478 -8.67072983558 -9.90940552638 -8.67072983558 -7.43205414478 -6.19337845399 -4.95470276319 -3.71602707239 -2.47735138159 -1.2386756908 -0
127.49 17 0
-16.0527179616 -14.0461282164 -12.0395384712 -10.032948726 -8.02635898081 -6.01976923561 -4.01317949041 -2.0065897452 0 2.0065897452 4.01317949041 6.01976923561 8.02635898081 10.032948726 12.0395384712 14.0461282164 16.0527179616
-0 -1.24154244679 -2.48308489358 -3.72462734037 -4.96616978716 -6.20771223395 -7.44925468075 -8.69079712754 -9.93233957433 -8.69079712754 -7.44925468075 -6.20771223395 -4.96616978716 -3.72462734037 -2.48308489358 -1.24154244679 -0
134.2 17 0
-16.08 -14.07 -12.06 -10.05 -8.04 -6.03 -4.02 -2.01 0 2.01 4.02 6.03 8.04 10.05 12.06 14.07 16.08
-0 -1.2425 -2.485 -3.7275 -4.97 -6.2125 -7.455 -8.6975 -9.94 -8.6975 -7.455 -6.2125 -4.97 -3.7275 -2.485 -1.2425 -0
140.91 17 0
-16.0527179616 -14.0461282164 -12.0395384712 -10.032948726 -8.02635898081 -6.01976923561 -4.01317949041 -2.0065897452 0 2.0065897452 4.01317949041 6.01976923561 8.02635898081 10.032948726 12.0395384712 14.0461282164 16.0527179616
-0 -1.24154244679 -2.48308489358 -3.72462734037 -4.96616978716 -6.20771223395 -7.44925468075 -8.69079712754 -9.93233957433 -8.69079712754 -7.44925468075 -6.20771223395 -4.96616978716 -3.72462734037 -2.48308489358 -1.24154244679 -0
147.62 17 0
-15.9708122527 -13.9744607211 -11.9781091896 -9.98175765796 -7.98540612637 -5.98905459478 -3.99270306318 -1.99635153159 0 1.99635153159 3.99270306318 5.98905459478 7.98540612637 9.98175765796 11.9781091896 13.9744607211 15.9708122527
-0 -1.2386756908 -2.47735138159 -3.71602707239 -4.95470276319 -6.19337845399 -7.43205414478 -8.67072983558 -9.90940552638 -8.67072983558 -7.43205414478 -6.19337845399 -4.95470276319 -3.71602707239 -2.47735138159 -1.2386756908 -0
154.33 17 0
-15.8340998066 -13.8548373308 -11.875574855 -9.89631237915 -7.91704990332 -5.93778742749 -3.95852495166 -1.97926247583 0 1.97926247583 3.95852495166 5.93778742749 7.91704990332 9.89631237915 11.875574855 13.8548373308 15.8340998066
-0 -1.23391740652 -2.46783481305 -3.70175221957 -4.93566962609 -6.16958703262 -7.40350443914 -8.63742184566 -9.87133925219 -8.63742184566 -7.40350443914 -6.16958703262 -4.93566962609 -3.70175221957 -2.46783481305 -1.23391740652 -0
161.04 17 0
-15.6422608343 -13.68697823 -11.7316956257 -9.77641302145 -7.82113041716 -5.86584781287 -3.91056520858 -1.95528260429 0 1.95528260429 3.91056520858 5.86584781287 7.82113041716 9.77641302145 11.7316956257 13.68697823 15.6422608343
-0 -1.22729693037 -2.45459386075 -3.68189079112 -4.9091877215 -6.13648465187 -7.36378158225 -8.59107851262 -9.81837544299 -8.59107851262 -7.36378158225 -6.13648465187 -4.9091877215 -3.68189079112 -2.45459386075 -1.22729693037 -0
167.75 17 0
-15.3948153662 -13.4704634454 -11.5461115246 -9.62175960385 -7.69740768308 -5.77305576231 -3.84870384154 -1.92435192077 0 1.92435192077 3.84870384154 5.77305576231 7.69740768308 9.62175960385 11.5461115246 13.4704634454 15.3948153662
-0 -1.21885507979 -2.43771015957 -3.65656523936 -4.87542031915 -6.09427539893 -7.31313047872 -8.5319855585 -9.75084063829 -8.5319855585 -7.31313047872 -6.09427539893 -4.87542031915 -3.65656523936 -2.43771015957 -1.21885507979 -0
174.46 17 0
-15.0910872722 -13.2047013632 -11.3183154541 -9.43192954512 -7.54554363609 -5.65915772707 -3.77277181805 -1.88638590902 0 1.88638590902 3.77277181805 5.65915772707 7.54554363609 9.43192954512 11.3183154541 13.2047013632 15.0910872722
-0 -1.20864390158 -2.41728780315 -3.62593170473 -4.8345756063 -6.04321950788 -7.25186340946 -8.46050731103 -9.66915121261 -8.46050731103 -7.25186340946 -6.04321950788 -4.8345756063 -3.62593170473 -2.41728780315 -1.20864390158 -0
181.17 17 0
-14.7301519563 -12.8888829617 -11.0476139672 -9.20634497267 -7.36507597814 -5.5238069836 -3.68253798907 -1.84126899453 0 1.84126899453 3.68253798907 5.5238069836 7.36507597814 9.20634497267 11.0476139672 12.8888829617 14.7301519563
-0 -1.19672635105 -2.3934527021 -3.59017905316 -4.78690540421 -5.98363175526 -7.18035810631 -8.37708445737 -9.57381080842 -8.37708445737 -7.18035810631 -5.98363175526 -4.78690540421 -3.59017905316 -2.3934527021 -1.19672635105 -0
187.88 17 0
-14.3107616651 -12.521916457 -10.7330712488 -8.9442260407 -7.15538083256 -5.36653562442 -3.57769041628 -1.78884520814 0 1.78884520814 3.57769041628 5.36653562442 7.15538083256 8.9442260407 10.7330712488 12.521916457 14.3107616651
-0 -1.18317590388 -2.36635180776 -3.54952771163 -4.73270361551 -5.91587951939 -7.09905542327 -8.28223132714 -9.46540723102 -8.28223132714 -7.09905542327 -5.91587951939 -4.73270361551 -3.54952771163 -2.36635180776 -1.18317590388 -0
194.59 17 0
-13.8312387449 -12.1023339018 -10.3734290587 -8.64452421555 -6.91561937244 -5.18671452933 -3.45780968622 -1.72890484311 0 1.72890484311 3.45780968622 5.18671452933 6.91561937244 8.64452421555 10.3734290587 12.1023339018 13.8312387449
-0 -1.16807610306 -2.33615220613 -3.50422830919 -4.67230441226 -5.84038051532 -7.00845661839 -8.17653272145 -9.34460882452 -8.17653272145 -7.00845661839 -5.84038051532 -4.67230441226 -3.50422830919 -2.33615220613 -1.16807610306 -0
201.3 17 0
-13.2893211159 -11.6281559764 -9.96699083694 -8.30582569745 -6.64466055796 -4.98349541847 -3.32233027898 -1.66116513949 0 1.66116513949 3.32233027898 4.98349541847 6.64466055796 8.30582569745 9.96699083694 11.6281559764 13.2893211159
-0 -1.15152004391 -2.30304008781 -3.45456013172 -4.60608017562 -5.75760021953 -6.90912026344 -8.06064030734 -9.21216035125 -8.06064030734 -6.90912026344 -5.75760021953 -4.60608017562 -3.45456013172 -2.30304008781 -1.15152004391 -0
208.01 17 0
-12.6819335489 -11.0966918553 -9.51145016166 -7.92620846805 -6.34096677444 -4.75572508083 -3.17048338722 -1.58524169361 0 1.58524169361 3.17048338722 4.75572508083 6.34096677444 7.92620846805 9.51145016166 11.0966918553 12.6819335489
-0 -1.13360980001 -2.26721960003 -3.40082940004 -4.53443920005 -5.66804900006 -6.80165880008 -7.93526860009 -9.0688784001 -7.93526860009 -6.80165880008 -5.66804900006 -4.53443920005 -3.40082940004 -2.26721960003 -1.13360980001 -0
214.72 17 0
-12.0048384839 -10.5042336734 -9.0036288629 -7.50302405242 -6.00241924194 -4.50181443145 -3.00120962097 -1.50060481048 0 1.50060481048 3.00120962097 4.50181443145 6.00241924194 7.50302405242 9.0036288629 10.5042336734 12.0048384839
-0 -1.11445579399 -2.22891158799 -3.34336738198 -4.45782317597 -5.57227896997 -6.68673476396 -7.80119055795 -8.91564635195 -7.80119055795 -6.68673476396 -5.57227896997 -4.45782317597 -3.34336738198 -2.22891158799 -1.11445579399 -0
221.43 17 0
-11.2520810143 -9.84557088753 -8.43906076074 -7.03255063395 -5.62604050716 -4.21953038037 -2.81302025358 -1.40651012679 0 1.40651012679 2.81302025358 4.21953038037 5.62604050716 7.03255063395 8.43906076074 9.84557088753 11.2520810143
-0 -1.09417611666 -2.18835223333 -3.28252834999 -4.37670446666 -5.47088058332 -6.56505669999 -7.65923281665 -8.75340893332 -7.65923281665 -6.56505669999 -5.47088058332 -4.37670446666 -3.28252834999 -2.18835223333 -1.09417611666 -0
228.14 17 0
-10.415059733 -9.11317726642 -7.81129479979 -6.50941233316 -5.20752986652 -3.90564739989 -2.60376493326 -1.30188246663 0 1.30188246663 2.60376493326 3.90564739989 5.20752986652 6.50941233316 7.81129479979 9.11317726642 10.415059733
-0 -1.07289579898 -2.14579159796 -3.21868739694 -4.29158319593 -5.36447899491 -6.43737479389 -7.51027059287 -8.58316639185 -7.51027059287 -6.43737479389 -5.36447899491 -4.29158319593 -3.21868739694 -2.14579159796 -1.07289579898 -0
234.85 17 0
-9.48086271046 -8.29575487165 -7.11064703284 -5.92553919404 -4.74043135523 -3.55532351642 -2.37021567761 -1.18510783881 0 1.18510783881 2.37021567761 3.55532351642 4.74043135523 5.92553919404 7.11064703284 8.29575487165 9.48086271046
-0 -1.05074604118 -2.10149208236 -3.15223812354 -4.20298416471 -5.25373020589 -6.30447624707 -7.35522228825 -8.40596832943 -7.35522228825 -6.30447624707 -5.25373020589 -4.20298416471 -3.15223812354 -2.10149208236 -1.05074604118 -0
241.56 17 0
-8.42900564444 -7.37537993888 -6.32175423333 -5.26812852777 -4.21450282222 -3.16087711666 -2.10725141111 -1.05362570555 0 1.05362570555 2.10725141111 3.16087711666 4.21450282222 5.26812852777 6.32175423333 7.37537993888 8.42900564444
-0 -1.02786340388 -2.05572680776 -3.08359021163 -4.11145361551 -5.13931701939 -6.16718042327 -7.19504382714 -8.22290723102 -7.19504382714 -6.16718042327 -5.13931701939 -4.11145361551 -3.08359021163 -2.05572680776 -1.02786340388 -0
248.27 17 0
-7.22416960904 -6.32114840791 -5.41812720678 -4.51510600565 -3.61208480452 -2.70906360339 -1.80604240226 -0.90302120113 0 0.90302120113 1.80604240226 2.70906360339 3.61208480452 4.51510600565 5.41812720678 6.32114840791 7.22416960904
-0 -1.00438896615 -2.0087779323 -3.01316689844 -4.01755586459 -5.02194483074 -6.02633379689 -7.03072276303 -8.03511172918 -7.03072276303 -6.02633379689 -5.02194483074 -4.01755586459 -3.01316689844 -2.0087779323 -1.00438896615 -0
254.98 17 0
-5.79654066769 -5.07197308423 -4.34740550077 -3.62283791731 -2.89827033385 -2.17370275038 -1.44913516692 -0.724567583462 0 0.724567583462 1.44913516692 2.17370275038 2.89827033385 3.62283791731 4.34740550077 5.07197308423 5.79654066769
-0 -0.980467455703 -1.96093491141 -2.94140236711 -3.92186982281 -4.90233727852 -5.88280473422 -6.86327218992 -7.84373964562 -6.86327218992 -5.88280473422 -4.90233727852 -3.92186982281 -2.94140236711 -1.96093491141 -0.980467455703 -0
261.69 17 0
-3.96588264269 -3.47014731235 -2.97441198201 -2.47867665168 -1.98294132134 -1.48720599101 -0.991470660672 -0.495735330336 0 0.495735330336 0.991470660672 1.48720599101 1.98294132134 2.47867665168 2.97441198201 3.47014731235 3.96588264269
-0 -0.95624635661 -1.91249271322 -2.86873906983 -3.82498542644 -4.78123178305 -5.73747813966 -6.69372449627 -7.64997085288 -6.69372449627 -5.73747813966 -4.78123178305 -3.82498542644 -2.86873906983 -1.91249271322 -0.95624635661 -0
