 +-no.of pressure points per section  0
 Section hydrodynamic data?         yes
 Transfer functions?                 no
 Significant amplitudes?             no

 Ma 2005 external PDSTRIP section reference: sl7                                 
 In the following input data x,y,z are directed forward, to port side, up

 Gravity acceleration             9.807
 Water density                 1025.000
 z of still waterline             0.000
 z of water bottom               -0.100E+07
 z for water drift velocity     999.000
 Wave encounter angles            0.000
 Offset file name: geomet.out
 Number of sections                  39
 Symmetry?                           no
 Reference draft                  9.940
 Section no.  1 at x=     6.710
 y:    -3.966    -3.470    -2.974    -2.479    -1.983    -1.487    -0.991    -0.496
 y:     0.000     0.496     0.991     1.487     1.983     2.479     2.974     3.470
 y:     3.966
 z:    -0.000    -0.956    -1.912    -2.869    -3.825    -4.781    -5.737    -6.694
 z:    -7.650    -6.694    -5.737    -4.781    -3.825    -2.869    -1.912    -0.956
 z:    -0.000
 Section no.  2 at x=    13.420
 y:    -5.797    -5.072    -4.347    -3.623    -2.898    -2.174    -1.449    -0.725
 y:     0.000     0.725     1.449     2.174     2.898     3.623     4.347     5.072
 y:     5.797
 z:    -0.000    -0.980    -1.961    -2.941    -3.922    -4.902    -5.883    -6.863
 z:    -7.844    -6.863    -5.883    -4.902    -3.922    -2.941    -1.961    -0.980
 z:    -0.000
 Section no.  3 at x=    20.130
 y:    -7.224    -6.321    -5.418    -4.515    -3.612    -2.709    -1.806    -0.903
 y:     0.000     0.903     1.806     2.709     3.612     4.515     5.418     6.321
 y:     7.224
 z:    -0.000    -1.004    -2.009    -3.013    -4.018    -5.022    -6.026    -7.031
 z:    -8.035    -7.031    -6.026    -5.022    -4.018    -3.013    -2.009    -1.004
 z:    -0.000
 Section no.  4 at x=    26.840
 y:    -8.429    -7.375    -6.322    -5.268    -4.215    -3.161    -2.107    -1.054
 y:     0.000     1.054     2.107     3.161     4.215     5.268     6.322     7.375
 y:     8.429
 z:    -0.000    -1.028    -2.056    -3.084    -4.111    -5.139    -6.167    -7.195
 z:    -8.223    -7.195    -6.167    -5.139    -4.111    -3.084    -2.056    -1.028
 z:    -0.000
 Section no.  5 at x=    33.550
 y:    -9.481    -8.296    -7.111    -5.926    -4.740    -3.555    -2.370    -1.185
 y:     0.000     1.185     2.370     3.555     4.740     5.926     7.111     8.296
 y:     9.481
 z:    -0.000    -1.051    -2.101    -3.152    -4.203    -5.254    -6.304    -7.355
 z:    -8.406    -7.355    -6.304    -5.254    -4.203    -3.152    -2.101    -1.051
 z:    -0.000
 Section no.  6 at x=    40.260
 y:   -10.415    -9.113    -7.811    -6.509    -5.208    -3.906    -2.604    -1.302
 y:     0.000     1.302     2.604     3.906     5.208     6.509     7.811     9.113
 y:    10.415
 z:    -0.000    -1.073    -2.146    -3.219    -4.292    -5.364    -6.437    -7.510
 z:    -8.583    -7.510    -6.437    -5.364    -4.292    -3.219    -2.146    -1.073
 z:    -0.000
 Section no.  7 at x=    46.970
 y:   -11.252    -9.846    -8.439    -7.033    -5.626    -4.220    -2.813    -1.407
 y:     0.000     1.407     2.813     4.220     5.626     7.033     8.439     9.846
 y:    11.252
 z:    -0.000    -1.094    -2.188    -3.283    -4.377    -5.471    -6.565    -7.659
 z:    -8.753    -7.659    -6.565    -5.471    -4.377    -3.283    -2.188    -1.094
 z:    -0.000
 Section no.  8 at x=    53.680
 y:   -12.005   -10.504    -9.004    -7.503    -6.002    -4.502    -3.001    -1.501
 y:     0.000     1.501     3.001     4.502     6.002     7.503     9.004    10.504
 y:    12.005
 z:    -0.000    -1.114    -2.229    -3.343    -4.458    -5.572    -6.687    -7.801
 z:    -8.916    -7.801    -6.687    -5.572    -4.458    -3.343    -2.229    -1.114
 z:    -0.000
 Section no.  9 at x=    60.390
 y:   -12.682   -11.097    -9.511    -7.926    -6.341    -4.756    -3.170    -1.585
 y:     0.000     1.585     3.170     4.756     6.341     7.926     9.511    11.097
 y:    12.682
 z:    -0.000    -1.134    -2.267    -3.401    -4.534    -5.668    -6.802    -7.935
 z:    -9.069    -7.935    -6.802    -5.668    -4.534    -3.401    -2.267    -1.134
 z:    -0.000
 Section no. 10 at x=    67.100
 y:   -13.289   -11.628    -9.967    -8.306    -6.645    -4.983    -3.322    -1.661
 y:     0.000     1.661     3.322     4.983     6.645     8.306     9.967    11.628
 y:    13.289
 z:    -0.000    -1.152    -2.303    -3.455    -4.606    -5.758    -6.909    -8.061
 z:    -9.212    -8.061    -6.909    -5.758    -4.606    -3.455    -2.303    -1.152
 z:    -0.000
 Section no. 11 at x=    73.810
 y:   -13.831   -12.102   -10.373    -8.645    -6.916    -5.187    -3.458    -1.729
 y:     0.000     1.729     3.458     5.187     6.916     8.645    10.373    12.102
 y:    13.831
 z:    -0.000    -1.168    -2.336    -3.504    -4.672    -5.840    -7.008    -8.177
 z:    -9.345    -8.177    -7.008    -5.840    -4.672    -3.504    -2.336    -1.168
 z:    -0.000
 Section no. 12 at x=    80.520
 y:   -14.311   -12.522   -10.733    -8.944    -7.155    -5.367    -3.578    -1.789
 y:     0.000     1.789     3.578     5.367     7.155     8.944    10.733    12.522
 y:    14.311
 z:    -0.000    -1.183    -2.366    -3.550    -4.733    -5.916    -7.099    -8.282
 z:    -9.465    -8.282    -7.099    -5.916    -4.733    -3.550    -2.366    -1.183
 z:    -0.000
 Section no. 13 at x=    87.230
 y:   -14.730   -12.889   -11.048    -9.206    -7.365    -5.524    -3.683    -1.841
 y:     0.000     1.841     3.683     5.524     7.365     9.206    11.048    12.889
 y:    14.730
 z:    -0.000    -1.197    -2.393    -3.590    -4.787    -5.984    -7.180    -8.377
 z:    -9.574    -8.377    -7.180    -5.984    -4.787    -3.590    -2.393    -1.197
 z:    -0.000
 Section no. 14 at x=    93.940
 y:   -15.091   -13.205   -11.318    -9.432    -7.546    -5.659    -3.773    -1.886
 y:     0.000     1.886     3.773     5.659     7.546     9.432    11.318    13.205
 y:    15.091
 z:    -0.000    -1.209    -2.417    -3.626    -4.835    -6.043    -7.252    -8.461
 z:    -9.669    -8.461    -7.252    -6.043    -4.835    -3.626    -2.417    -1.209
 z:    -0.000
 Section no. 15 at x=   100.650
 y:   -15.395   -13.470   -11.546    -9.622    -7.697    -5.773    -3.849    -1.924
 y:     0.000     1.924     3.849     5.773     7.697     9.622    11.546    13.470
 y:    15.395
 z:    -0.000    -1.219    -2.438    -3.657    -4.875    -6.094    -7.313    -8.532
 z:    -9.751    -8.532    -7.313    -6.094    -4.875    -3.657    -2.438    -1.219
 z:    -0.000
 Section no. 16 at x=   107.360
 y:   -15.642   -13.687   -11.732    -9.776    -7.821    -5.866    -3.911    -1.955
 y:     0.000     1.955     3.911     5.866     7.821     9.776    11.732    13.687
 y:    15.642
 z:    -0.000    -1.227    -2.455    -3.682    -4.909    -6.136    -7.364    -8.591
 z:    -9.818    -8.591    -7.364    -6.136    -4.909    -3.682    -2.455    -1.227
 z:    -0.000
 Section no. 17 at x=   114.070
 y:   -15.834   -13.855   -11.876    -9.896    -7.917    -5.938    -3.959    -1.979
 y:     0.000     1.979     3.959     5.938     7.917     9.896    11.876    13.855
 y:    15.834
 z:    -0.000    -1.234    -2.468    -3.702    -4.936    -6.170    -7.404    -8.637
 z:    -9.871    -8.637    -7.404    -6.170    -4.936    -3.702    -2.468    -1.234
 z:    -0.000
 Section no. 18 at x=   120.780
 y:   -15.971   -13.974   -11.978    -9.982    -7.985    -5.989    -3.993    -1.996
 y:     0.000     1.996     3.993     5.989     7.985     9.982    11.978    13.974
 y:    15.971
 z:    -0.000    -1.239    -2.477    -3.716    -4.955    -6.193    -7.432    -8.671
 z:    -9.909    -8.671    -7.432    -6.193    -4.955    -3.716    -2.477    -1.239
 z:    -0.000
 Section no. 19 at x=   127.490
 y:   -16.053   -14.046   -12.040   -10.033    -8.026    -6.020    -4.013    -2.007
 y:     0.000     2.007     4.013     6.020     8.026    10.033    12.040    14.046
 y:    16.053
 z:    -0.000    -1.242    -2.483    -3.725    -4.966    -6.208    -7.449    -8.691
 z:    -9.932    -8.691    -7.449    -6.208    -4.966    -3.725    -2.483    -1.242
 z:    -0.000
 Section no. 20 at x=   134.200
 y:   -16.080   -14.070   -12.060   -10.050    -8.040    -6.030    -4.020    -2.010
 y:     0.000     2.010     4.020     6.030     8.040    10.050    12.060    14.070
 y:    16.080
 z:    -0.000    -1.242    -2.485    -3.727    -4.970    -6.213    -7.455    -8.698
 z:    -9.940    -8.698    -7.455    -6.213    -4.970    -3.727    -2.485    -1.242
 z:    -0.000
 Section no. 21 at x=   140.910
 y:   -16.053   -14.046   -12.040   -10.033    -8.026    -6.020    -4.013    -2.007
 y:     0.000     2.007     4.013     6.020     8.026    10.033    12.040    14.046
 y:    16.053
 z:    -0.000    -1.242    -2.483    -3.725    -4.966    -6.208    -7.449    -8.691
 z:    -9.932    -8.691    -7.449    -6.208    -4.966    -3.725    -2.483    -1.242
 z:    -0.000
 Section no. 22 at x=   147.620
 y:   -15.971   -13.974   -11.978    -9.982    -7.985    -5.989    -3.993    -1.996
 y:     0.000     1.996     3.993     5.989     7.985     9.982    11.978    13.974
 y:    15.971
 z:    -0.000    -1.239    -2.477    -3.716    -4.955    -6.193    -7.432    -8.671
 z:    -9.909    -8.671    -7.432    -6.193    -4.955    -3.716    -2.477    -1.239
 z:    -0.000
 Section no. 23 at x=   154.330
 y:   -15.834   -13.855   -11.876    -9.896    -7.917    -5.938    -3.959    -1.979
 y:     0.000     1.979     3.959     5.938     7.917     9.896    11.876    13.855
 y:    15.834
 z:    -0.000    -1.234    -2.468    -3.702    -4.936    -6.170    -7.404    -8.637
 z:    -9.871    -8.637    -7.404    -6.170    -4.936    -3.702    -2.468    -1.234
 z:    -0.000
 Section no. 24 at x=   161.040
 y:   -15.642   -13.687   -11.732    -9.776    -7.821    -5.866    -3.911    -1.955
 y:     0.000     1.955     3.911     5.866     7.821     9.776    11.732    13.687
 y:    15.642
 z:    -0.000    -1.227    -2.455    -3.682    -4.909    -6.136    -7.364    -8.591
 z:    -9.818    -8.591    -7.364    -6.136    -4.909    -3.682    -2.455    -1.227
 z:    -0.000
 Section no. 25 at x=   167.750
 y:   -15.395   -13.470   -11.546    -9.622    -7.697    -5.773    -3.849    -1.924
 y:     0.000     1.924     3.849     5.773     7.697     9.622    11.546    13.470
 y:    15.395
 z:    -0.000    -1.219    -2.438    -3.657    -4.875    -6.094    -7.313    -8.532
 z:    -9.751    -8.532    -7.313    -6.094    -4.875    -3.657    -2.438    -1.219
 z:    -0.000
 Section no. 26 at x=   174.460
 y:   -15.091   -13.205   -11.318    -9.432    -7.546    -5.659    -3.773    -1.886
 y:     0.000     1.886     3.773     5.659     7.546     9.432    11.318    13.205
 y:    15.091
 z:    -0.000    -1.209    -2.417    -3.626    -4.835    -6.043    -7.252    -8.461
 z:    -9.669    -8.461    -7.252    -6.043    -4.835    -3.626    -2.417    -1.209
 z:    -0.000
 Section no. 27 at x=   181.170
 y:   -14.730   -12.889   -11.048    -9.206    -7.365    -5.524    -3.683    -1.841
 y:     0.000     1.841     3.683     5.524     7.365     9.206    11.048    12.889
 y:    14.730
 z:    -0.000    -1.197    -2.393    -3.590    -4.787    -5.984    -7.180    -8.377
 z:    -9.574    -8.377    -7.180    -5.984    -4.787    -3.590    -2.393    -1.197
 z:    -0.000
 Section no. 28 at x=   187.880
 y:   -14.311   -12.522   -10.733    -8.944    -7.155    -5.367    -3.578    -1.789
 y:     0.000     1.789     3.578     5.367     7.155     8.944    10.733    12.522
 y:    14.311
 z:    -0.000    -1.183    -2.366    -3.550    -4.733    -5.916    -7.099    -8.282
 z:    -9.465    -8.282    -7.099    -5.916    -4.733    -3.550    -2.366    -1.183
 z:    -0.000
 Section no. 29 at x=   194.590
 y:   -13.831   -12.102   -10.373    -8.645    -6.916    -5.187    -3.458    -1.729
 y:     0.000     1.729     3.458     5.187     6.916     8.645    10.373    12.102
 y:    13.831
 z:    -0.000    -1.168    -2.336    -3.504    -4.672    -5.840    -7.008    -8.177
 z:    -9.345    -8.177    -7.008    -5.840    -4.672    -3.504    -2.336    -1.168
 z:    -0.000
 Section no. 30 at x=   201.300
 y:   -13.289   -11.628    -9.967    -8.306    -6.645    -4.983    -3.322    -1.661
 y:     0.000     1.661     3.322     4.983     6.645     8.306     9.967    11.628
 y:    13.289
 z:    -0.000    -1.152    -2.303    -3.455    -4.606    -5.758    -6.909    -8.061
 z:    -9.212    -8.061    -6.909    -5.758    -4.606    -3.455    -2.303    -1.152
 z:    -0.000
 Section no. 31 at x=   208.010
 y:   -12.682   -11.097    -9.511    -7.926    -6.341    -4.756    -3.170    -1.585
 y:     0.000     1.585     3.170     4.756     6.341     7.926     9.511    11.097
 y:    12.682
 z:    -0.000    -1.134    -2.267    -3.401    -4.534    -5.668    -6.802    -7.935
 z:    -9.069    -7.935    -6.802    -5.668    -4.534    -3.401    -2.267    -1.134
 z:    -0.000
 Section no. 32 at x=   214.720
 y:   -12.005   -10.504    -9.004    -7.503    -6.002    -4.502    -3.001    -1.501
 y:     0.000     1.501     3.001     4.502     6.002     7.503     9.004    10.504
 y:    12.005
 z:    -0.000    -1.114    -2.229    -3.343    -4.458    -5.572    -6.687    -7.801
 z:    -8.916    -7.801    -6.687    -5.572    -4.458    -3.343    -2.229    -1.114
 z:    -0.000
 Section no. 33 at x=   221.430
 y:   -11.252    -9.846    -8.439    -7.033    -5.626    -4.220    -2.813    -1.407
 y:     0.000     1.407     2.813     4.220     5.626     7.033     8.439     9.846
 y:    11.252
 z:    -0.000    -1.094    -2.188    -3.283    -4.377    -5.471    -6.565    -7.659
 z:    -8.753    -7.659    -6.565    -5.471    -4.377    -3.283    -2.188    -1.094
 z:    -0.000
 Section no. 34 at x=   228.140
 y:   -10.415    -9.113    -7.811    -6.509    -5.208    -3.906    -2.604    -1.302
 y:     0.000     1.302     2.604     3.906     5.208     6.509     7.811     9.113
 y:    10.415
 z:    -0.000    -1.073    -2.146    -3.219    -4.292    -5.364    -6.437    -7.510
 z:    -8.583    -7.510    -6.437    -5.364    -4.292    -3.219    -2.146    -1.073
 z:    -0.000
 Section no. 35 at x=   234.850
 y:    -9.481    -8.296    -7.111    -5.926    -4.740    -3.555    -2.370    -1.185
 y:     0.000     1.185     2.370     3.555     4.740     5.926     7.111     8.296
 y:     9.481
 z:    -0.000    -1.051    -2.101    -3.152    -4.203    -5.254    -6.304    -7.355
 z:    -8.406    -7.355    -6.304    -5.254    -4.203    -3.152    -2.101    -1.051
 z:    -0.000
 Section no. 36 at x=   241.560
 y:    -8.429    -7.375    -6.322    -5.268    -4.215    -3.161    -2.107    -1.054
 y:     0.000     1.054     2.107     3.161     4.215     5.268     6.322     7.375
 y:     8.429
 z:    -0.000    -1.028    -2.056    -3.084    -4.111    -5.139    -6.167    -7.195
 z:    -8.223    -7.195    -6.167    -5.139    -4.111    -3.084    -2.056    -1.028
 z:    -0.000
 Section no. 37 at x=   248.270
 y:    -7.224    -6.321    -5.418    -4.515    -3.612    -2.709    -1.806    -0.903
 y:     0.000     0.903     1.806     2.709     3.612     4.515     5.418     6.321
 y:     7.224
 z:    -0.000    -1.004    -2.009    -3.013    -4.018    -5.022    -6.026    -7.031
 z:    -8.035    -7.031    -6.026    -5.022    -4.018    -3.013    -2.009    -1.004
 z:    -0.000
 Section no. 38 at x=   254.980
 y:    -5.797    -5.072    -4.347    -3.623    -2.898    -2.174    -1.449    -0.725
 y:     0.000     0.725     1.449     2.174     2.898     3.623     4.347     5.072
 y:     5.797
 z:    -0.000    -0.980    -1.961    -2.941    -3.922    -4.902    -5.883    -6.863
 z:    -7.844    -6.863    -5.883    -4.902    -3.922    -2.941    -1.961    -0.980
 z:    -0.000
 Section no. 39 at x=   261.690
 y:    -3.966    -3.470    -2.974    -2.479    -1.983    -1.487    -0.991    -0.496
 y:     0.000     0.496     0.991     1.487     1.983     2.479     2.974     3.470
 y:     3.966
 z:    -0.000    -0.956    -1.912    -2.869    -3.825    -4.781    -5.737    -6.694
 z:    -7.650    -6.694    -5.737    -4.781    -3.825    -2.869    -1.912    -0.956
 z:    -0.000
