 +-no.of pressure points per section  0
 Section hydrodynamic data?         yes
 Transfer functions?                 no
 Significant amplitudes?             no

 Station section hydrodynamics: example_station_hull.yml                         
 In the following input data x,y,z are directed forward, to port side, up

 Gravity acceleration             9.807
 Water density                 1025.000
 z of still waterline             0.000
 z of water bottom               -0.100E+07
 z for water drift velocity     999.000
 Wave encounter angles            0.000
 Offset file name: geomet.out
 Number of sections                   6
 Symmetry?                           no
 Reference draft                  0.360
 Section no.  1 at x=     0.000
 y:    -0.824    -0.721    -0.618    -0.515    -0.412    -0.309    -0.206    -0.103
 y:     0.000     0.103     0.206     0.309     0.412     0.515     0.618     0.721
 y:     0.824
 z:    -0.000    -0.038    -0.075    -0.112    -0.150    -0.188    -0.225    -0.262
 z:    -0.300    -0.262    -0.225    -0.188    -0.150    -0.112    -0.075    -0.038
 z:    -0.000
 Section no.  2 at x=     2.200
 y:    -0.934    -0.817    -0.701    -0.584    -0.467    -0.350    -0.234    -0.117
 y:     0.000     0.117     0.234     0.350     0.467     0.584     0.701     0.817
 y:     0.934
 z:    -0.000    -0.043    -0.085    -0.127    -0.170    -0.213    -0.255    -0.298
 z:    -0.340    -0.298    -0.255    -0.213    -0.170    -0.127    -0.085    -0.043
 z:    -0.000
 Section no.  3 at x=     4.400
 y:    -0.989    -0.865    -0.742    -0.618    -0.495    -0.371    -0.247    -0.124
 y:     0.000     0.124     0.247     0.371     0.495     0.618     0.742     0.865
 y:     0.989
 z:    -0.000    -0.045    -0.090    -0.135    -0.180    -0.225    -0.270    -0.315
 z:    -0.360    -0.315    -0.270    -0.225    -0.180    -0.135    -0.090    -0.045
 z:    -0.000
 Section no.  4 at x=     6.600
 y:    -0.743    -0.650    -0.557    -0.464    -0.371    -0.278    -0.186    -0.093
 y:     0.000     0.093     0.186     0.278     0.371     0.464     0.557     0.650
 y:     0.743
 z:    -0.000    -0.038    -0.075    -0.112    -0.150    -0.188    -0.225    -0.262
 z:    -0.300    -0.262    -0.225    -0.188    -0.150    -0.112    -0.075    -0.038
 z:    -0.000
 Section no.  5 at x=     8.800
 y:    -0.449    -0.393    -0.337    -0.281    -0.225    -0.168    -0.112    -0.056
 y:     0.000     0.056     0.112     0.168     0.225     0.281     0.337     0.393
 y:     0.449
 z:    -0.000    -0.025    -0.050    -0.075    -0.100    -0.125    -0.150    -0.175
 z:    -0.200    -0.175    -0.150    -0.125    -0.100    -0.075    -0.050    -0.025
 z:    -0.000
 Section no.  6 at x=    11.000
 y:    -0.113    -0.099    -0.085    -0.071    -0.056    -0.042    -0.028    -0.014
 y:     0.000     0.014     0.028     0.042     0.056     0.071     0.085     0.099
 y:     0.113
 z:    -0.000    -0.007    -0.015    -0.023    -0.030    -0.038    -0.045    -0.052
 z:    -0.060    -0.052    -0.045    -0.038    -0.030    -0.023    -0.015    -0.007
 z:    -0.000
